milestone=diagnostics_started t=2026-08-18T14:43:21.515062646Z
milestone=config_load_begin t=2026-08-18T14:43:21.516380761Z
milestone=config_load_done t=2026-08-18T14:43:21.863879569Z
milestone=controller_build_begin t=2026-08-18T14:43:21.885603107Z
milestone=controller_build_done t=2026-08-18T14:43:23.151849876Z
milestone=terminal_takeover_begin t=2026-08-18T14:43:23.578465568Z
watchdog_state phase=idle gen=0 source=booted
milestone=first_frame t=2026-08-18T14:43:23.611095875Z
heartbeat t=2026-08-18T14:43:24.581643221Z phase=idle gen=0 last_progress_age=972ms last_source=booted cancel_requested=false hard_kill_phase=false
heartbeat t=2026-08-18T14:43:25.581510298Z phase=idle gen=0 last_progress_age=1.972s last_source=booted cancel_requested=false hard_kill_phase=false
heartbeat t=2026-08-18T14:43:26.582139183Z phase=idle gen=0 last_progress_age=2.973s last_source=booted cancel_requested=false hard_kill_phase=false
heartbeat t=2026-08-18T14:43:27.581515298Z phase=idle gen=0 last_progress_age=3.972s last_source=booted cancel_requested=false hard_kill_phase=false
heartbeat t=2026-08-18T14:43:28.583031414Z phase=idle gen=0 last_progress_age=4.973s last_source=booted cancel_requested=false hard_kill_phase=false
heartbeat t=2026-08-18T14:43:29.581512683Z phase=idle gen=0 last_progress_age=5.972s last_source=booted cancel_requested=false hard_kill_phase=false
heartbeat t=2026-08-18T14:43:30.582196759Z phase=idle gen=0 last_progress_age=6.973s last_source=booted cancel_requested=false hard_kill_phase=false
heartbeat t=2026-08-18T14:43:31.581525568Z phase=idle gen=0 last_progress_age=7.972s last_source=booted cancel_requested=false hard_kill_phase=false
heartbeat t=2026-08-18T14:43:32.587272837Z phase=idle gen=0 last_progress_age=8.978s last_source=booted cancel_requested=false hard_kill_phase=false
heartbeat t=2026-08-18T14:43:33.581977452Z phase=idle gen=0 last_progress_age=9.972s last_source=booted cancel_requested=false hard_kill_phase=false
heartbeat t=2026-08-18T14:43:34.581518722Z phase=idle gen=0 last_progress_age=10.972s last_source=booted cancel_requested=false hard_kill_phase=false
heartbeat t=2026-08-18T14:43:35.581512529Z phase=idle gen=0 last_progress_age=11.972s last_source=booted cancel_requested=false hard_kill_phase=false
heartbeat t=2026-08-18T14:43:36.581779568Z phase=idle gen=0 last_progress_age=12.972s last_source=booted cancel_requested=false hard_kill_phase=false
heartbeat t=2026-08-18T14:43:37.581511183Z phase=idle gen=0 last_progress_age=13.972s last_source=booted cancel_requested=false hard_kill_phase=false
heartbeat t=2026-08-18T14:43:38.58151226Z phase=idle gen=0 last_progress_age=14.972s last_source=booted cancel_requested=false hard_kill_phase=false
heartbeat t=2026-08-18T14:43:39.581508529Z phase=idle gen=0 last_progress_age=15.972s last_source=booted cancel_requested=false hard_kill_phase=false
heartbeat t=2026-08-18T14:43:40.581949106Z phase=idle gen=0 last_progress_age=16.972s last_source=booted cancel_requested=false hard_kill_phase=false
heartbeat t=2026-08-18T14:43:41.581519106Z phase=idle gen=0 last_progress_age=17.972s last_source=booted cancel_requested=false hard_kill_phase=false
heartbeat t=2026-08-18T14:43:42.581513299Z phase=idle gen=0 last_progress_age=18.972s last_source=booted cancel_requested=false hard_kill_phase=false
watchdog_state phase=running gen=1 source=enter_running
heartbeat t=2026-08-18T14:43:43.581689221Z phase=running gen=1 last_progress_age=168ms last_source=agent:21 cancel_requested=false hard_kill_phase=false
heartbeat t=2026-08-18T14:43:44.581511683Z phase=running gen=1 last_progress_age=547ms last_source=elapsed_tick cancel_requested=false hard_kill_phase=false
heartbeat t=2026-08-18T14:43:45.581514644Z phase=running gen=1 last_progress_age=2ms last_source=agent:1 cancel_requested=false hard_kill_phase=false
heartbeat t=2026-08-18T14:43:46.581519144Z phase=running gen=1 last_progress_age=9ms last_source=agent:1 cancel_requested=false hard_kill_phase=false
heartbeat t=2026-08-18T14:43:47.58184549Z phase=running gen=1 last_progress_age=69ms last_source=agent:1 cancel_requested=false hard_kill_phase=false
heartbeat t=2026-08-18T14:43:48.581606375Z phase=running gen=1 last_progress_age=28ms last_source=agent:1 cancel_requested=false hard_kill_phase=false
heartbeat t=2026-08-18T14:43:49.581512299Z phase=running gen=1 last_progress_age=90ms last_source=agent:1 cancel_requested=false hard_kill_phase=false
heartbeat t=2026-08-18T14:43:50.581669914Z phase=running gen=1 last_progress_age=63ms last_source=agent:1 cancel_requested=false hard_kill_phase=false
heartbeat t=2026-08-18T14:43:51.581601952Z phase=running gen=1 last_progress_age=15ms last_source=agent:1 cancel_requested=false hard_kill_phase=false
heartbeat t=2026-08-18T14:43:52.581519067Z phase=running gen=1 last_progress_age=37ms last_source=agent:1 cancel_requested=false hard_kill_phase=false
heartbeat t=2026-08-18T14:43:53.581724029Z phase=running gen=1 last_progress_age=35ms last_source=agent:21 cancel_requested=false hard_kill_phase=false
heartbeat t=2026-08-18T14:43:54.581833645Z phase=running gen=1 last_progress_age=384ms last_source=elapsed_tick cancel_requested=false hard_kill_phase=false
heartbeat t=2026-08-18T14:43:55.581515145Z phase=running gen=1 last_progress_age=44ms last_source=agent:1 cancel_requested=false hard_kill_phase=false
heartbeat t=2026-08-18T14:43:56.581510875Z phase=running gen=1 last_progress_age=345ms last_source=elapsed_tick cancel_requested=false hard_kill_phase=false
heartbeat t=2026-08-18T14:43:57.581867068Z phase=running gen=1 last_progress_age=345ms last_source=elapsed_tick cancel_requested=false hard_kill_phase=false
heartbeat t=2026-08-18T14:43:58.58151149Z phase=running gen=1 last_progress_age=343ms last_source=elapsed_tick cancel_requested=false hard_kill_phase=false
heartbeat t=2026-08-18T14:43:59.581858837Z phase=running gen=1 last_progress_age=341ms last_source=elapsed_tick cancel_requested=false hard_kill_phase=false
heartbeat t=2026-08-18T14:44:00.581627337Z phase=running gen=1 last_progress_age=335ms last_source=elapsed_tick cancel_requested=false hard_kill_phase=false
heartbeat t=2026-08-18T14:44:01.583075837Z phase=running gen=1 last_progress_age=316ms last_source=elapsed_tick cancel_requested=false hard_kill_phase=false
heartbeat t=2026-08-18T14:44:02.581512029Z phase=running gen=1 last_progress_age=304ms last_source=elapsed_tick cancel_requested=false hard_kill_phase=false
heartbeat t=2026-08-18T14:44:03.581801644Z phase=running gen=1 last_progress_age=293ms last_source=elapsed_tick cancel_requested=false hard_kill_phase=false
heartbeat t=2026-08-18T14:44:04.581935375Z phase=running gen=1 last_progress_age=292ms last_source=elapsed_tick cancel_requested=false hard_kill_phase=false
heartbeat t=2026-08-18T14:44:05.581515876Z phase=running gen=1 last_progress_age=290ms last_source=elapsed_tick cancel_requested=false hard_kill_phase=false
heartbeat t=2026-08-18T14:44:06.581752837Z phase=running gen=1 last_progress_age=274ms last_source=elapsed_tick cancel_requested=false hard_kill_phase=false
heartbeat t=2026-08-18T14:44:07.581516722Z phase=running gen=1 last_progress_age=257ms last_source=elapsed_tick cancel_requested=false hard_kill_phase=false
heartbeat t=2026-08-18T14:44:08.581709606Z phase=running gen=1 last_progress_age=244ms last_source=elapsed_tick cancel_requested=false hard_kill_phase=false
heartbeat t=2026-08-18T14:44:09.58153899Z phase=running gen=1 last_progress_age=243ms last_source=elapsed_tick cancel_requested=false hard_kill_phase=false
heartbeat t=2026-08-18T14:44:10.581696452Z phase=running gen=1 last_progress_age=210ms last_source=elapsed_tick cancel_requested=false hard_kill_phase=false
heartbeat t=2026-08-18T14:44:11.581510952Z phase=running gen=1 last_progress_age=209ms last_source=elapsed_tick cancel_requested=false hard_kill_phase=false
heartbeat t=2026-08-18T14:44:12.581510452Z phase=running gen=1 last_progress_age=208ms last_source=elapsed_tick cancel_requested=false hard_kill_phase=false
heartbeat t=2026-08-18T14:44:13.582131991Z phase=running gen=1 last_progress_age=196ms last_source=elapsed_tick cancel_requested=false hard_kill_phase=false
heartbeat t=2026-08-18T14:44:14.58151376Z phase=running gen=1 last_progress_age=181ms last_source=elapsed_tick cancel_requested=false hard_kill_phase=false
heartbeat t=2026-08-18T14:44:15.581513875Z phase=running gen=1 last_progress_age=179ms last_source=elapsed_tick cancel_requested=false hard_kill_phase=false
heartbeat t=2026-08-18T14:44:16.581743529Z phase=running gen=1 last_progress_age=166ms last_source=elapsed_tick cancel_requested=false hard_kill_phase=false
heartbeat t=2026-08-18T14:44:17.58168049Z phase=running gen=1 last_progress_age=141ms last_source=elapsed_tick cancel_requested=false hard_kill_phase=false
heartbeat t=2026-08-18T14:44:18.581514144Z phase=running gen=1 last_progress_age=129ms last_source=elapsed_tick cancel_requested=false hard_kill_phase=false
heartbeat t=2026-08-18T14:44:19.581641952Z phase=running gen=1 last_progress_age=117ms last_source=elapsed_tick cancel_requested=false hard_kill_phase=false
heartbeat t=2026-08-18T14:44:20.58211676Z phase=running gen=1 last_progress_age=92ms last_source=elapsed_tick cancel_requested=false hard_kill_phase=false
heartbeat t=2026-08-18T14:44:21.581520722Z phase=running gen=1 last_progress_age=85ms last_source=elapsed_tick cancel_requested=false hard_kill_phase=false
heartbeat t=2026-08-18T14:44:22.581511721Z phase=running gen=1 last_progress_age=3ms last_source=agent:1 cancel_requested=false hard_kill_phase=false
heartbeat t=2026-08-18T14:44:23.581511375Z phase=running gen=1 last_progress_age=-2ms last_source=agent:1 cancel_requested=false hard_kill_phase=false
heartbeat t=2026-08-18T14:44:24.581716106Z phase=running gen=1 last_progress_age=26ms last_source=agent:1 cancel_requested=false hard_kill_phase=false
heartbeat t=2026-08-18T14:44:25.581607029Z phase=running gen=1 last_progress_age=10ms last_source=elapsed_tick cancel_requested=false hard_kill_phase=false
heartbeat t=2026-08-18T14:44:26.581513529Z phase=running gen=1 last_progress_age=19ms last_source=agent:1 cancel_requested=false hard_kill_phase=false
heartbeat t=2026-08-18T14:44:27.581749952Z phase=running gen=1 last_progress_age=167ms last_source=agent:1 cancel_requested=false hard_kill_phase=false
heartbeat t=2026-08-18T14:44:28.581682529Z phase=running gen=1 last_progress_age=0s last_source=agent:1 cancel_requested=false hard_kill_phase=false
heartbeat t=2026-08-18T14:44:29.581629183Z phase=running gen=1 last_progress_age=22ms last_source=agent:1 cancel_requested=false hard_kill_phase=false
heartbeat t=2026-08-18T14:44:30.582136068Z phase=running gen=1 last_progress_age=17ms last_source=agent:1 cancel_requested=false hard_kill_phase=false
heartbeat t=2026-08-18T14:44:31.581696221Z phase=running gen=1 last_progress_age=16ms last_source=agent:1 cancel_requested=false hard_kill_phase=false
heartbeat t=2026-08-18T14:44:32.581516106Z phase=running gen=1 last_progress_age=24ms last_source=agent:1 cancel_requested=false hard_kill_phase=false
heartbeat t=2026-08-18T14:44:33.581578337Z phase=running gen=1 last_progress_age=11ms last_source=agent:1 cancel_requested=false hard_kill_phase=false
heartbeat t=2026-08-18T14:44:34.581649413Z phase=running gen=1 last_progress_age=26ms last_source=agent:1 cancel_requested=false hard_kill_phase=false
heartbeat t=2026-08-18T14:44:35.58151726Z phase=running gen=1 last_progress_age=51ms last_source=agent:1 cancel_requested=false hard_kill_phase=false
heartbeat t=2026-08-18T14:44:36.582408298Z phase=running gen=1 last_progress_age=23ms last_source=agent:1 cancel_requested=false hard_kill_phase=false
heartbeat t=2026-08-18T14:44:37.58182926Z phase=running gen=1 last_progress_age=3ms last_source=agent:1 cancel_requested=false hard_kill_phase=false
heartbeat t=2026-08-18T14:44:38.581514837Z phase=running gen=1 last_progress_age=69ms last_source=agent:1 cancel_requested=false hard_kill_phase=false
heartbeat t=2026-08-18T14:44:39.581514067Z phase=running gen=1 last_progress_age=4ms last_source=agent:1 cancel_requested=false hard_kill_phase=false
heartbeat t=2026-08-18T14:44:40.581605722Z phase=running gen=1 last_progress_age=23ms last_source=agent:4 cancel_requested=false hard_kill_phase=false
heartbeat t=2026-08-18T14:44:41.581512529Z phase=running gen=1 last_progress_age=543ms last_source=agent:9 cancel_requested=false hard_kill_phase=false
heartbeat t=2026-08-18T14:44:42.581517452Z phase=running gen=1 last_progress_age=780ms last_source=elapsed_tick cancel_requested=false hard_kill_phase=false
heartbeat t=2026-08-18T14:44:43.581516875Z phase=running gen=1 last_progress_age=766ms last_source=elapsed_tick cancel_requested=false hard_kill_phase=false
heartbeat t=2026-08-18T14:44:44.581758298Z phase=running gen=1 last_progress_age=753ms last_source=elapsed_tick cancel_requested=false hard_kill_phase=false
heartbeat t=2026-08-18T14:44:45.581508953Z phase=running gen=1 last_progress_age=734ms last_source=elapsed_tick cancel_requested=false hard_kill_phase=false
heartbeat t=2026-08-18T14:44:46.581833336Z phase=running gen=1 last_progress_age=733ms last_source=elapsed_tick cancel_requested=false hard_kill_phase=false
heartbeat t=2026-08-18T14:44:47.581752144Z phase=running gen=1 last_progress_age=715ms last_source=elapsed_tick cancel_requested=false hard_kill_phase=false
heartbeat t=2026-08-18T14:44:48.581780183Z phase=running gen=1 last_progress_age=706ms last_source=elapsed_tick cancel_requested=false hard_kill_phase=false
heartbeat t=2026-08-18T14:44:49.58224049Z phase=running gen=1 last_progress_age=684ms last_source=elapsed_tick cancel_requested=false hard_kill_phase=false
heartbeat t=2026-08-18T14:44:50.581517683Z phase=running gen=1 last_progress_age=668ms last_source=elapsed_tick cancel_requested=false hard_kill_phase=false
heartbeat t=2026-08-18T14:44:51.581588836Z phase=running gen=1 last_progress_age=652ms last_source=elapsed_tick cancel_requested=false hard_kill_phase=false
heartbeat t=2026-08-18T14:44:52.58152649Z phase=running gen=1 last_progress_age=404ms last_source=agent:21 cancel_requested=false hard_kill_phase=false
heartbeat t=2026-08-18T14:44:53.581516298Z phase=running gen=1 last_progress_age=636ms last_source=elapsed_tick cancel_requested=false hard_kill_phase=false
heartbeat t=2026-08-18T14:44:54.581517683Z phase=running gen=1 last_progress_age=634ms last_source=elapsed_tick cancel_requested=false hard_kill_phase=false
heartbeat t=2026-08-18T14:44:55.58151226Z phase=running gen=1 last_progress_age=633ms last_source=elapsed_tick cancel_requested=false hard_kill_phase=false
heartbeat t=2026-08-18T14:44:56.581769106Z phase=running gen=1 last_progress_age=629ms last_source=elapsed_tick cancel_requested=false hard_kill_phase=false
heartbeat t=2026-08-18T14:44:57.58151349Z phase=running gen=1 last_progress_age=618ms last_source=elapsed_tick cancel_requested=false hard_kill_phase=false
heartbeat t=2026-08-18T14:44:58.581516029Z phase=running gen=1 last_progress_age=589ms last_source=elapsed_tick cancel_requested=false hard_kill_phase=false
heartbeat t=2026-08-18T14:44:59.581509145Z phase=running gen=1 last_progress_age=579ms last_source=elapsed_tick cancel_requested=false hard_kill_phase=false
heartbeat t=2026-08-18T14:45:00.581511567Z phase=running gen=1 last_progress_age=577ms last_source=elapsed_tick cancel_requested=false hard_kill_phase=false
heartbeat t=2026-08-18T14:45:01.58151476Z phase=running gen=1 last_progress_age=575ms last_source=elapsed_tick cancel_requested=false hard_kill_phase=false
heartbeat t=2026-08-18T14:45:02.581518914Z phase=running gen=1 last_progress_age=571ms last_source=elapsed_tick cancel_requested=false hard_kill_phase=false
heartbeat t=2026-08-18T14:45:03.581673836Z phase=running gen=1 last_progress_age=541ms last_source=elapsed_tick cancel_requested=false hard_kill_phase=false
heartbeat t=2026-08-18T14:45:04.581512529Z phase=running gen=1 last_progress_age=538ms last_source=elapsed_tick cancel_requested=false hard_kill_phase=false
heartbeat t=2026-08-18T14:45:05.581514875Z phase=running gen=1 last_progress_age=527ms last_source=elapsed_tick cancel_requested=false hard_kill_phase=false
heartbeat t=2026-08-18T14:45:06.581513414Z phase=running gen=1 last_progress_age=503ms last_source=elapsed_tick cancel_requested=false hard_kill_phase=false
heartbeat t=2026-08-18T14:45:07.58151076Z phase=running gen=1 last_progress_age=486ms last_source=elapsed_tick cancel_requested=false hard_kill_phase=false
heartbeat t=2026-08-18T14:45:08.581520183Z phase=running gen=1 last_progress_age=479ms last_source=elapsed_tick cancel_requested=false hard_kill_phase=false
heartbeat t=2026-08-18T14:45:09.581511991Z phase=running gen=1 last_progress_age=468ms last_source=elapsed_tick cancel_requested=false hard_kill_phase=false
heartbeat t=2026-08-18T14:45:10.581648913Z phase=running gen=1 last_progress_age=453ms last_source=elapsed_tick cancel_requested=false hard_kill_phase=false
heartbeat t=2026-08-18T14:45:11.581513529Z phase=running gen=1 last_progress_age=439ms last_source=elapsed_tick cancel_requested=false hard_kill_phase=false
heartbeat t=2026-08-18T14:45:12.581825067Z phase=running gen=1 last_progress_age=418ms last_source=elapsed_tick cancel_requested=false hard_kill_phase=false
heartbeat t=2026-08-18T14:45:13.581512221Z phase=running gen=1 last_progress_age=408ms last_source=elapsed_tick cancel_requested=false hard_kill_phase=false
heartbeat t=2026-08-18T14:45:14.581513029Z phase=running gen=1 last_progress_age=387ms last_source=elapsed_tick cancel_requested=false hard_kill_phase=false
heartbeat t=2026-08-18T14:45:15.581872183Z phase=running gen=1 last_progress_age=377ms last_source=elapsed_tick cancel_requested=false hard_kill_phase=false
heartbeat t=2026-08-18T14:45:16.581738375Z phase=running gen=1 last_progress_age=362ms last_source=elapsed_tick cancel_requested=false hard_kill_phase=false
heartbeat t=2026-08-18T14:45:17.581525375Z phase=running gen=1 last_progress_age=341ms last_source=elapsed_tick cancel_requested=false hard_kill_phase=false
heartbeat t=2026-08-18T14:45:18.581515837Z phase=running gen=1 last_progress_age=328ms last_source=elapsed_tick cancel_requested=false hard_kill_phase=false
heartbeat t=2026-08-18T14:45:19.581579644Z phase=running gen=1 last_progress_age=318ms last_source=elapsed_tick cancel_requested=false hard_kill_phase=false
heartbeat t=2026-08-18T14:45:20.581514144Z phase=running gen=1 last_progress_age=315ms last_source=elapsed_tick cancel_requested=false hard_kill_phase=false
heartbeat t=2026-08-18T14:45:21.581741721Z phase=running gen=1 last_progress_age=314ms last_source=elapsed_tick cancel_requested=false hard_kill_phase=false
heartbeat t=2026-08-18T14:45:22.581516221Z phase=running gen=1 last_progress_age=314ms last_source=elapsed_tick cancel_requested=false hard_kill_phase=false
heartbeat t=2026-08-18T14:45:23.581515529Z phase=running gen=1 last_progress_age=312ms last_source=elapsed_tick cancel_requested=false hard_kill_phase=false
heartbeat t=2026-08-18T14:45:24.581521721Z phase=running gen=1 last_progress_age=311ms last_source=elapsed_tick cancel_requested=false hard_kill_phase=false
heartbeat t=2026-08-18T14:45:25.581513683Z phase=running gen=1 last_progress_age=310ms last_source=elapsed_tick cancel_requested=false hard_kill_phase=false
heartbeat t=2026-08-18T14:45:26.581919452Z phase=running gen=1 last_progress_age=310ms last_source=elapsed_tick cancel_requested=false hard_kill_phase=false
heartbeat t=2026-08-18T14:45:27.581511914Z phase=running gen=1 last_progress_age=307ms last_source=elapsed_tick cancel_requested=false hard_kill_phase=false
heartbeat t=2026-08-18T14:45:28.581514183Z phase=running gen=1 last_progress_age=306ms last_source=elapsed_tick cancel_requested=false hard_kill_phase=false
heartbeat t=2026-08-18T14:45:29.581522991Z phase=running gen=1 last_progress_age=304ms last_source=elapsed_tick cancel_requested=false hard_kill_phase=false
heartbeat t=2026-08-18T14:45:30.583575337Z phase=running gen=1 last_progress_age=304ms last_source=elapsed_tick cancel_requested=false hard_kill_phase=false
heartbeat t=2026-08-18T14:45:31.581515068Z phase=running gen=1 last_progress_age=301ms last_source=elapsed_tick cancel_requested=false hard_kill_phase=false
heartbeat t=2026-08-18T14:45:32.581987491Z phase=running gen=1 last_progress_age=295ms last_source=elapsed_tick cancel_requested=false hard_kill_phase=false
heartbeat t=2026-08-18T14:45:33.58176749Z phase=running gen=1 last_progress_age=285ms last_source=elapsed_tick cancel_requested=false hard_kill_phase=false
heartbeat t=2026-08-18T14:45:34.581517452Z phase=running gen=1 last_progress_age=284ms last_source=elapsed_tick cancel_requested=false hard_kill_phase=false
heartbeat t=2026-08-18T14:45:35.581514721Z phase=running gen=1 last_progress_age=283ms last_source=elapsed_tick cancel_requested=false hard_kill_phase=false
heartbeat t=2026-08-18T14:45:36.581514183Z phase=running gen=1 last_progress_age=282ms last_source=elapsed_tick cancel_requested=false hard_kill_phase=false
heartbeat t=2026-08-18T14:45:37.581512337Z phase=running gen=1 last_progress_age=281ms last_source=elapsed_tick cancel_requested=false hard_kill_phase=false
heartbeat t=2026-08-18T14:45:38.581663414Z phase=running gen=1 last_progress_age=279ms last_source=elapsed_tick cancel_requested=false hard_kill_phase=false
heartbeat t=2026-08-18T14:45:39.581514875Z phase=running gen=1 last_progress_age=271ms last_source=elapsed_tick cancel_requested=false hard_kill_phase=false
heartbeat t=2026-08-18T14:45:40.581512645Z phase=running gen=1 last_progress_age=257ms last_source=elapsed_tick cancel_requested=false hard_kill_phase=false
heartbeat t=2026-08-18T14:45:41.58151126Z phase=running gen=1 last_progress_age=241ms last_source=elapsed_tick cancel_requested=false hard_kill_phase=false
heartbeat t=2026-08-18T14:45:42.581513606Z phase=running gen=1 last_progress_age=231ms last_source=elapsed_tick cancel_requested=false hard_kill_phase=false
heartbeat t=2026-08-18T14:45:43.581513452Z phase=running gen=1 last_progress_age=219ms last_source=elapsed_tick cancel_requested=false hard_kill_phase=false
heartbeat t=2026-08-18T14:45:44.58151376Z phase=running gen=1 last_progress_age=202ms last_source=elapsed_tick cancel_requested=false hard_kill_phase=false
heartbeat t=2026-08-18T14:45:45.581520491Z phase=running gen=1 last_progress_age=190ms last_source=elapsed_tick cancel_requested=false hard_kill_phase=false
heartbeat t=2026-08-18T14:45:46.581516375Z phase=running gen=1 last_progress_age=189ms last_source=elapsed_tick cancel_requested=false hard_kill_phase=false
heartbeat t=2026-08-18T14:45:47.581536375Z phase=running gen=1 last_progress_age=187ms last_source=elapsed_tick cancel_requested=false hard_kill_phase=false
heartbeat t=2026-08-18T14:45:48.581516836Z phase=running gen=1 last_progress_age=186ms last_source=elapsed_tick cancel_requested=false hard_kill_phase=false
heartbeat t=2026-08-18T14:45:49.581883375Z phase=running gen=1 last_progress_age=181ms last_source=elapsed_tick cancel_requested=false hard_kill_phase=false
heartbeat t=2026-08-18T14:45:50.582000721Z phase=running gen=1 last_progress_age=678ms last_source=agent:4 cancel_requested=false hard_kill_phase=false
heartbeat t=2026-08-18T14:45:51.582211875Z phase=running gen=1 last_progress_age=1.678s last_source=agent:4 cancel_requested=false hard_kill_phase=false
heartbeat t=2026-08-18T14:45:52.581516222Z phase=running gen=1 last_progress_age=2.677s last_source=agent:4 cancel_requested=false hard_kill_phase=false
heartbeat t=2026-08-18T14:45:53.581509567Z phase=running gen=1 last_progress_age=3.677s last_source=agent:4 cancel_requested=false hard_kill_phase=false
heartbeat t=2026-08-18T14:45:54.581884606Z phase=running gen=1 last_progress_age=4.678s last_source=agent:4 cancel_requested=false hard_kill_phase=false
heartbeat t=2026-08-18T14:45:55.581519452Z phase=running gen=1 last_progress_age=5.677s last_source=agent:4 cancel_requested=false hard_kill_phase=false
heartbeat t=2026-08-18T14:45:56.581506606Z phase=running gen=1 last_progress_age=6.677s last_source=agent:4 cancel_requested=false hard_kill_phase=false
heartbeat t=2026-08-18T14:45:57.58150876Z phase=running gen=1 last_progress_age=663ms last_source=elapsed_tick cancel_requested=false hard_kill_phase=false
heartbeat t=2026-08-18T14:45:58.581530067Z phase=running gen=1 last_progress_age=629ms last_source=elapsed_tick cancel_requested=false hard_kill_phase=false
heartbeat t=2026-08-18T14:45:59.581723567Z phase=running gen=1 last_progress_age=623ms last_source=elapsed_tick cancel_requested=false hard_kill_phase=false
heartbeat t=2026-08-18T14:46:00.581510299Z phase=running gen=1 last_progress_age=605ms last_source=elapsed_tick cancel_requested=false hard_kill_phase=false
heartbeat t=2026-08-18T14:46:01.582289183Z phase=running gen=1 last_progress_age=593ms last_source=elapsed_tick cancel_requested=false hard_kill_phase=false
heartbeat t=2026-08-18T14:46:02.58151176Z phase=running gen=1 last_progress_age=573ms last_source=elapsed_tick cancel_requested=false hard_kill_phase=false
heartbeat t=2026-08-18T14:46:03.581512067Z phase=running gen=1 last_progress_age=558ms last_source=elapsed_tick cancel_requested=false hard_kill_phase=false
heartbeat t=2026-08-18T14:46:04.581512337Z phase=running gen=1 last_progress_age=547ms last_source=elapsed_tick cancel_requested=false hard_kill_phase=false
heartbeat t=2026-08-18T14:46:05.581513337Z phase=running gen=1 last_progress_age=522ms last_source=elapsed_tick cancel_requested=false hard_kill_phase=false
heartbeat t=2026-08-18T14:46:06.581511683Z phase=running gen=1 last_progress_age=522ms last_source=elapsed_tick cancel_requested=false hard_kill_phase=false
heartbeat t=2026-08-18T14:46:07.581521144Z phase=running gen=1 last_progress_age=519ms last_source=elapsed_tick cancel_requested=false hard_kill_phase=false
heartbeat t=2026-08-18T14:46:08.582244837Z phase=running gen=1 last_progress_age=498ms last_source=elapsed_tick cancel_requested=false hard_kill_phase=false
heartbeat t=2026-08-18T14:46:09.581875529Z phase=running gen=1 last_progress_age=486ms last_source=elapsed_tick cancel_requested=false hard_kill_phase=false
heartbeat t=2026-08-18T14:46:10.581516298Z phase=running gen=1 last_progress_age=478ms last_source=elapsed_tick cancel_requested=false hard_kill_phase=false
heartbeat t=2026-08-18T14:46:11.581619914Z phase=running gen=1 last_progress_age=460ms last_source=elapsed_tick cancel_requested=false hard_kill_phase=false
heartbeat t=2026-08-18T14:46:12.581922145Z phase=running gen=1 last_progress_age=434ms last_source=elapsed_tick cancel_requested=false hard_kill_phase=false
heartbeat t=2026-08-18T14:46:13.58229299Z phase=running gen=1 last_progress_age=434ms last_source=elapsed_tick cancel_requested=false hard_kill_phase=false
heartbeat t=2026-08-18T14:46:14.581513067Z phase=running gen=1 last_progress_age=386ms last_source=elapsed_tick cancel_requested=false hard_kill_phase=false
heartbeat t=2026-08-18T14:46:15.581517644Z phase=running gen=1 last_progress_age=335ms last_source=elapsed_tick cancel_requested=false hard_kill_phase=false
heartbeat t=2026-08-18T14:46:16.581694606Z phase=running gen=1 last_progress_age=282ms last_source=elapsed_tick cancel_requested=false hard_kill_phase=false
heartbeat t=2026-08-18T14:46:17.581515875Z phase=running gen=1 last_progress_age=235ms last_source=elapsed_tick cancel_requested=false hard_kill_phase=false
heartbeat t=2026-08-18T14:46:18.581514606Z phase=running gen=1 last_progress_age=167ms last_source=elapsed_tick cancel_requested=false hard_kill_phase=false
heartbeat t=2026-08-18T14:46:19.58150626Z phase=running gen=1 last_progress_age=106ms last_source=elapsed_tick cancel_requested=false hard_kill_phase=false
heartbeat t=2026-08-18T14:46:20.581514221Z phase=running gen=1 last_progress_age=65ms last_source=elapsed_tick cancel_requested=false hard_kill_phase=false
heartbeat t=2026-08-18T14:46:21.581510952Z phase=running gen=1 last_progress_age=64ms last_source=elapsed_tick cancel_requested=false hard_kill_phase=false
heartbeat t=2026-08-18T14:46:22.581506452Z phase=running gen=1 last_progress_age=60ms last_source=elapsed_tick cancel_requested=false hard_kill_phase=false
heartbeat t=2026-08-18T14:46:23.581517682Z phase=running gen=1 last_progress_age=59ms last_source=elapsed_tick cancel_requested=false hard_kill_phase=false
heartbeat t=2026-08-18T14:46:24.58151549Z phase=running gen=1 last_progress_age=59ms last_source=elapsed_tick cancel_requested=false hard_kill_phase=false
heartbeat t=2026-08-18T14:46:25.581518183Z phase=running gen=1 last_progress_age=58ms last_source=elapsed_tick cancel_requested=false hard_kill_phase=false
heartbeat t=2026-08-18T14:46:26.581517068Z phase=running gen=1 last_progress_age=57ms last_source=elapsed_tick cancel_requested=false hard_kill_phase=false
heartbeat t=2026-08-18T14:46:27.581517452Z phase=running gen=1 last_progress_age=1.057s last_source=elapsed_tick cancel_requested=false hard_kill_phase=false
heartbeat t=2026-08-18T14:46:28.581518452Z phase=running gen=1 last_progress_age=988ms last_source=elapsed_tick cancel_requested=false hard_kill_phase=false
heartbeat t=2026-08-18T14:46:29.58161449Z phase=running gen=1 last_progress_age=957ms last_source=elapsed_tick cancel_requested=false hard_kill_phase=false
heartbeat t=2026-08-18T14:46:30.581669221Z phase=running gen=1 last_progress_age=950ms last_source=elapsed_tick cancel_requested=false hard_kill_phase=false
heartbeat t=2026-08-18T14:46:31.581516529Z phase=running gen=1 last_progress_age=919ms last_source=elapsed_tick cancel_requested=false hard_kill_phase=false
heartbeat t=2026-08-18T14:46:32.581513759Z phase=running gen=1 last_progress_age=917ms last_source=elapsed_tick cancel_requested=false hard_kill_phase=false
heartbeat t=2026-08-18T14:46:33.581600452Z phase=running gen=1 last_progress_age=910ms last_source=elapsed_tick cancel_requested=false hard_kill_phase=false
heartbeat t=2026-08-18T14:46:34.581515452Z phase=running gen=1 last_progress_age=898ms last_source=elapsed_tick cancel_requested=false hard_kill_phase=false
heartbeat t=2026-08-18T14:46:35.581515683Z phase=running gen=1 last_progress_age=863ms last_source=elapsed_tick cancel_requested=false hard_kill_phase=false
heartbeat t=2026-08-18T14:46:36.581933221Z phase=running gen=1 last_progress_age=863ms last_source=elapsed_tick cancel_requested=false hard_kill_phase=false
heartbeat t=2026-08-18T14:46:37.581512414Z phase=running gen=1 last_progress_age=803ms last_source=elapsed_tick cancel_requested=false hard_kill_phase=false
heartbeat t=2026-08-18T14:46:38.581774183Z phase=running gen=1 last_progress_age=803ms last_source=elapsed_tick cancel_requested=false hard_kill_phase=false
heartbeat t=2026-08-18T14:46:39.581601606Z phase=running gen=1 last_progress_age=800ms last_source=elapsed_tick cancel_requested=false hard_kill_phase=false
heartbeat t=2026-08-18T14:46:40.581513068Z phase=running gen=1 last_progress_age=796ms last_source=elapsed_tick cancel_requested=false hard_kill_phase=false
heartbeat t=2026-08-18T14:46:41.581647952Z phase=running gen=1 last_progress_age=776ms last_source=elapsed_tick cancel_requested=false hard_kill_phase=false
heartbeat t=2026-08-18T14:46:42.581650914Z phase=running gen=1 last_progress_age=775ms last_source=elapsed_tick cancel_requested=false hard_kill_phase=false
heartbeat t=2026-08-18T14:46:43.581514645Z phase=running gen=1 last_progress_age=763ms last_source=elapsed_tick cancel_requested=false hard_kill_phase=false
heartbeat t=2026-08-18T14:46:44.581514452Z phase=running gen=1 last_progress_age=762ms last_source=elapsed_tick cancel_requested=false hard_kill_phase=false
heartbeat t=2026-08-18T14:46:45.581511567Z phase=running gen=1 last_progress_age=752ms last_source=elapsed_tick cancel_requested=false hard_kill_phase=false
heartbeat t=2026-08-18T14:46:46.581696144Z phase=running gen=1 last_progress_age=729ms last_source=elapsed_tick cancel_requested=false hard_kill_phase=false
heartbeat t=2026-08-18T14:46:47.581519221Z phase=running gen=1 last_progress_age=710ms last_source=elapsed_tick cancel_requested=false hard_kill_phase=false
heartbeat t=2026-08-18T14:46:48.58161176Z phase=running gen=1 last_progress_age=706ms last_source=elapsed_tick cancel_requested=false hard_kill_phase=false
heartbeat t=2026-08-18T14:46:49.58151926Z phase=running gen=1 last_progress_age=693ms last_source=elapsed_tick cancel_requested=false hard_kill_phase=false
heartbeat t=2026-08-18T14:46:50.581508644Z phase=running gen=1 last_progress_age=649ms last_source=elapsed_tick cancel_requested=false hard_kill_phase=false
heartbeat t=2026-08-18T14:46:51.581517298Z phase=running gen=1 last_progress_age=641ms last_source=elapsed_tick cancel_requested=false hard_kill_phase=false
heartbeat t=2026-08-18T14:46:52.581516529Z phase=running gen=1 last_progress_age=637ms last_source=elapsed_tick cancel_requested=false hard_kill_phase=false
heartbeat t=2026-08-18T14:46:53.581917336Z phase=running gen=1 last_progress_age=628ms last_source=elapsed_tick cancel_requested=false hard_kill_phase=false
heartbeat t=2026-08-18T14:46:54.581509413Z phase=running gen=1 last_progress_age=609ms last_source=elapsed_tick cancel_requested=false hard_kill_phase=false
heartbeat t=2026-08-18T14:46:55.581514068Z phase=running gen=1 last_progress_age=603ms last_source=elapsed_tick cancel_requested=false hard_kill_phase=false
heartbeat t=2026-08-18T14:46:56.581522298Z phase=running gen=1 last_progress_age=589ms last_source=elapsed_tick cancel_requested=false hard_kill_phase=false
heartbeat t=2026-08-18T14:46:57.581515606Z phase=running gen=1 last_progress_age=559ms last_source=elapsed_tick cancel_requested=false hard_kill_phase=false
heartbeat t=2026-08-18T14:46:58.581518299Z phase=running gen=1 last_progress_age=559ms last_source=elapsed_tick cancel_requested=false hard_kill_phase=false
heartbeat t=2026-08-18T14:46:59.581567568Z phase=running gen=1 last_progress_age=544ms last_source=elapsed_tick cancel_requested=false hard_kill_phase=false
heartbeat t=2026-08-18T14:47:00.58151326Z phase=running gen=1 last_progress_age=540ms last_source=elapsed_tick cancel_requested=false hard_kill_phase=false
heartbeat t=2026-08-18T14:47:01.581515452Z phase=running gen=1 last_progress_age=138ms last_source=agent:21 cancel_requested=false hard_kill_phase=false
heartbeat t=2026-08-18T14:47:02.581914567Z phase=running gen=1 last_progress_age=400ms last_source=elapsed_tick cancel_requested=false hard_kill_phase=false
heartbeat t=2026-08-18T14:47:03.581905683Z phase=running gen=1 last_progress_age=12ms last_source=agent:1 cancel_requested=false hard_kill_phase=false
heartbeat t=2026-08-18T14:47:04.581518952Z phase=running gen=1 last_progress_age=38ms last_source=agent:1 cancel_requested=false hard_kill_phase=false
heartbeat t=2026-08-18T14:47:05.581761952Z phase=running gen=1 last_progress_age=391ms last_source=elapsed_tick cancel_requested=false hard_kill_phase=false
heartbeat t=2026-08-18T14:47:06.581514798Z phase=running gen=1 last_progress_age=281ms last_source=agent:9 cancel_requested=false hard_kill_phase=false
heartbeat t=2026-08-18T14:47:07.581668991Z phase=running gen=1 last_progress_age=388ms last_source=elapsed_tick cancel_requested=false hard_kill_phase=false
heartbeat t=2026-08-18T14:47:08.581646106Z phase=running gen=1 last_progress_age=385ms last_source=elapsed_tick cancel_requested=false hard_kill_phase=false
heartbeat t=2026-08-18T14:47:09.581513067Z phase=running gen=1 last_progress_age=383ms last_source=elapsed_tick cancel_requested=false hard_kill_phase=false
heartbeat t=2026-08-18T14:47:10.581618144Z phase=running gen=1 last_progress_age=367ms last_source=elapsed_tick cancel_requested=false hard_kill_phase=false
heartbeat t=2026-08-18T14:47:11.581630875Z phase=running gen=1 last_progress_age=367ms last_source=elapsed_tick cancel_requested=false hard_kill_phase=false
heartbeat t=2026-08-18T14:47:12.581513875Z phase=running gen=1 last_progress_age=289ms last_source=elapsed_tick cancel_requested=false hard_kill_phase=false
heartbeat t=2026-08-18T14:47:13.581719068Z phase=running gen=1 last_progress_age=274ms last_source=elapsed_tick cancel_requested=false hard_kill_phase=false
heartbeat t=2026-08-18T14:47:14.581701875Z phase=running gen=1 last_progress_age=273ms last_source=elapsed_tick cancel_requested=false hard_kill_phase=false
heartbeat t=2026-08-18T14:47:15.581515221Z phase=running gen=1 last_progress_age=-72ms last_source=elapsed_tick cancel_requested=false hard_kill_phase=false
heartbeat t=2026-08-18T14:47:16.581524645Z phase=running gen=1 last_progress_age=928ms last_source=elapsed_tick cancel_requested=false hard_kill_phase=false
heartbeat t=2026-08-18T14:47:17.582314529Z phase=running gen=1 last_progress_age=83ms last_source=agent:1 cancel_requested=false hard_kill_phase=false
heartbeat t=2026-08-18T14:47:18.581591183Z phase=running gen=1 last_progress_age=111ms last_source=agent:2 cancel_requested=false hard_kill_phase=false
heartbeat t=2026-08-18T14:47:19.581524145Z phase=running gen=1 last_progress_age=4ms last_source=agent:2 cancel_requested=false hard_kill_phase=false
heartbeat t=2026-08-18T14:47:20.581514144Z phase=running gen=1 last_progress_age=58ms last_source=agent:6 cancel_requested=false hard_kill_phase=false
heartbeat t=2026-08-18T14:47:21.581844491Z phase=running gen=1 last_progress_age=728ms last_source=agent:21 cancel_requested=false hard_kill_phase=false
heartbeat t=2026-08-18T14:47:22.58151099Z phase=running gen=1 last_progress_age=0s last_source=agent:1 cancel_requested=false hard_kill_phase=false
heartbeat t=2026-08-18T14:47:23.581514875Z phase=running gen=1 last_progress_age=18ms last_source=agent:1 cancel_requested=false hard_kill_phase=false
heartbeat t=2026-08-18T14:47:24.581521529Z phase=running gen=1 last_progress_age=41ms last_source=agent:1 cancel_requested=false hard_kill_phase=false
heartbeat t=2026-08-18T14:47:25.582036337Z phase=running gen=1 last_progress_age=38ms last_source=agent:1 cancel_requested=false hard_kill_phase=false
heartbeat t=2026-08-18T14:47:26.582072721Z phase=running gen=1 last_progress_age=513ms last_source=agent:4 cancel_requested=false hard_kill_phase=false
heartbeat t=2026-08-18T14:47:27.582186375Z phase=running gen=1 last_progress_age=653ms last_source=agent:9 cancel_requested=false hard_kill_phase=false
heartbeat t=2026-08-18T14:47:28.581515414Z phase=running gen=1 last_progress_age=686ms last_source=elapsed_tick cancel_requested=false hard_kill_phase=false
heartbeat t=2026-08-18T14:47:29.581515683Z phase=running gen=1 last_progress_age=685ms last_source=elapsed_tick cancel_requested=false hard_kill_phase=false
heartbeat t=2026-08-18T14:47:30.581529606Z phase=running gen=1 last_progress_age=683ms last_source=elapsed_tick cancel_requested=false hard_kill_phase=false
heartbeat t=2026-08-18T14:47:31.582286529Z phase=running gen=1 last_progress_age=682ms last_source=elapsed_tick cancel_requested=false hard_kill_phase=false
heartbeat t=2026-08-18T14:47:32.581726375Z phase=running gen=1 last_progress_age=677ms last_source=elapsed_tick cancel_requested=false hard_kill_phase=false
heartbeat t=2026-08-18T14:47:33.581513375Z phase=running gen=1 last_progress_age=652ms last_source=elapsed_tick cancel_requested=false hard_kill_phase=false
heartbeat t=2026-08-18T14:47:34.581518144Z phase=running gen=1 last_progress_age=641ms last_source=elapsed_tick cancel_requested=false hard_kill_phase=false
heartbeat t=2026-08-18T14:47:35.581530183Z phase=running gen=1 last_progress_age=587ms last_source=agent:14 cancel_requested=false hard_kill_phase=false
heartbeat t=2026-08-18T14:47:36.58210376Z phase=running gen=1 last_progress_age=607ms last_source=elapsed_tick cancel_requested=false hard_kill_phase=false
heartbeat t=2026-08-18T14:47:37.581513952Z phase=running gen=1 last_progress_age=409ms last_source=agent:21 cancel_requested=false hard_kill_phase=false
heartbeat t=2026-08-18T14:47:38.581924221Z phase=running gen=1 last_progress_age=602ms last_source=elapsed_tick cancel_requested=false hard_kill_phase=false
heartbeat t=2026-08-18T14:47:39.581511529Z phase=running gen=1 last_progress_age=3ms last_source=agent:1 cancel_requested=false hard_kill_phase=false
heartbeat t=2026-08-18T14:47:40.581513222Z phase=running gen=1 last_progress_age=24ms last_source=agent:1 cancel_requested=false hard_kill_phase=false
heartbeat t=2026-08-18T14:47:41.581640144Z phase=running gen=1 last_progress_age=25ms last_source=agent:1 cancel_requested=false hard_kill_phase=false
heartbeat t=2026-08-18T14:47:42.581510067Z phase=running gen=1 last_progress_age=21ms last_source=agent:4 cancel_requested=false hard_kill_phase=false
heartbeat t=2026-08-18T14:47:43.58151926Z phase=running gen=1 last_progress_age=586ms last_source=elapsed_tick cancel_requested=false hard_kill_phase=false
heartbeat t=2026-08-18T14:47:44.581514529Z phase=running gen=1 last_progress_age=585ms last_source=elapsed_tick cancel_requested=false hard_kill_phase=false
heartbeat t=2026-08-18T14:47:45.581508414Z phase=running gen=1 last_progress_age=114ms last_source=agent:9 cancel_requested=false hard_kill_phase=false
heartbeat t=2026-08-18T14:47:46.581614644Z phase=running gen=1 last_progress_age=582ms last_source=elapsed_tick cancel_requested=false hard_kill_phase=false
heartbeat t=2026-08-18T14:47:47.581621029Z phase=running gen=1 last_progress_age=581ms last_source=elapsed_tick cancel_requested=false hard_kill_phase=false
heartbeat t=2026-08-18T14:47:48.581904568Z phase=running gen=1 last_progress_age=562ms last_source=elapsed_tick cancel_requested=false hard_kill_phase=false
heartbeat t=2026-08-18T14:47:49.581702337Z phase=running gen=1 last_progress_age=556ms last_source=elapsed_tick cancel_requested=false hard_kill_phase=false
heartbeat t=2026-08-18T14:47:50.58151276Z phase=running gen=1 last_progress_age=528ms last_source=elapsed_tick cancel_requested=false hard_kill_phase=false
heartbeat t=2026-08-18T14:47:51.581513183Z phase=running gen=1 last_progress_age=505ms last_source=elapsed_tick cancel_requested=false hard_kill_phase=false
heartbeat t=2026-08-18T14:47:52.581533106Z phase=running gen=1 last_progress_age=501ms last_source=elapsed_tick cancel_requested=false hard_kill_phase=false
heartbeat t=2026-08-18T14:47:53.581516375Z phase=running gen=1 last_progress_age=488ms last_source=elapsed_tick cancel_requested=false hard_kill_phase=false
heartbeat t=2026-08-18T14:47:54.58151449Z phase=running gen=1 last_progress_age=467ms last_source=elapsed_tick cancel_requested=false hard_kill_phase=false
heartbeat t=2026-08-18T14:47:55.581512529Z phase=running gen=1 last_progress_age=441ms last_source=elapsed_tick cancel_requested=false hard_kill_phase=false
heartbeat t=2026-08-18T14:47:56.581512837Z phase=running gen=1 last_progress_age=432ms last_source=elapsed_tick cancel_requested=false hard_kill_phase=false
heartbeat t=2026-08-18T14:47:57.582026067Z phase=running gen=1 last_progress_age=419ms last_source=elapsed_tick cancel_requested=false hard_kill_phase=false
heartbeat t=2026-08-18T14:47:58.581513606Z phase=running gen=1 last_progress_age=390ms last_source=elapsed_tick cancel_requested=false hard_kill_phase=false
heartbeat t=2026-08-18T14:47:59.581568144Z phase=running gen=1 last_progress_age=59ms last_source=agent:7 cancel_requested=false hard_kill_phase=false
heartbeat t=2026-08-18T14:48:00.581518029Z phase=running gen=1 last_progress_age=368ms last_source=elapsed_tick cancel_requested=false hard_kill_phase=false
heartbeat t=2026-08-18T14:48:01.581512452Z phase=running gen=1 last_progress_age=13ms last_source=agent:1 cancel_requested=false hard_kill_phase=false
heartbeat t=2026-08-18T14:48:02.581515299Z phase=running gen=1 last_progress_age=366ms last_source=elapsed_tick cancel_requested=false hard_kill_phase=false
heartbeat t=2026-08-18T14:48:03.581524068Z phase=running gen=1 last_progress_age=366ms last_source=elapsed_tick cancel_requested=false hard_kill_phase=false
heartbeat t=2026-08-18T14:48:04.58151626Z phase=running gen=1 last_progress_age=365ms last_source=elapsed_tick cancel_requested=false hard_kill_phase=false
heartbeat t=2026-08-18T14:48:05.581650221Z phase=running gen=1 last_progress_age=344ms last_source=elapsed_tick cancel_requested=false hard_kill_phase=false
heartbeat t=2026-08-18T14:48:06.581512106Z phase=running gen=1 last_progress_age=317ms last_source=elapsed_tick cancel_requested=false hard_kill_phase=false
heartbeat t=2026-08-18T14:48:07.581628875Z phase=running gen=1 last_progress_age=2ms last_source=agent:1 cancel_requested=false hard_kill_phase=false
heartbeat t=2026-08-18T14:48:08.581513337Z phase=running gen=1 last_progress_age=8ms last_source=agent:1 cancel_requested=false hard_kill_phase=false
heartbeat t=2026-08-18T14:48:09.581590029Z phase=running gen=1 last_progress_age=0s last_source=agent:1 cancel_requested=false hard_kill_phase=false
heartbeat t=2026-08-18T14:48:10.581510798Z phase=running gen=1 last_progress_age=23ms last_source=agent:2 cancel_requested=false hard_kill_phase=false
heartbeat t=2026-08-18T14:48:11.582226413Z phase=running gen=1 last_progress_age=95ms last_source=agent:2 cancel_requested=false hard_kill_phase=false
heartbeat t=2026-08-18T14:48:12.58175526Z phase=running gen=1 last_progress_age=161ms last_source=agent:4 cancel_requested=false hard_kill_phase=false
heartbeat t=2026-08-18T14:48:13.581518798Z phase=running gen=1 last_progress_age=246ms last_source=elapsed_tick cancel_requested=false hard_kill_phase=false
watchdog_state phase=idle gen=1 prev=running source=enter_idle
heartbeat t=2026-08-18T14:48:14.581514182Z phase=idle gen=1 last_progress_age=530ms last_source=enter_idle cancel_requested=false hard_kill_phase=false
heartbeat t=2026-08-18T14:48:15.581512336Z phase=idle gen=1 last_progress_age=1.53s last_source=enter_idle cancel_requested=false hard_kill_phase=false
heartbeat t=2026-08-18T14:48:16.581514067Z phase=idle gen=1 last_progress_age=2.53s last_source=enter_idle cancel_requested=false hard_kill_phase=false
heartbeat t=2026-08-18T14:48:17.581511068Z phase=idle gen=1 last_progress_age=3.53s last_source=enter_idle cancel_requested=false hard_kill_phase=false
heartbeat t=2026-08-18T14:48:18.581515798Z phase=idle gen=1 last_progress_age=4.53s last_source=enter_idle cancel_requested=false hard_kill_phase=false
heartbeat t=2026-08-18T14:48:19.581895183Z phase=idle gen=1 last_progress_age=5.53s last_source=enter_idle cancel_requested=false hard_kill_phase=false
heartbeat t=2026-08-18T14:48:20.58151626Z phase=idle gen=1 last_progress_age=6.53s last_source=enter_idle cancel_requested=false hard_kill_phase=false
heartbeat t=2026-08-18T14:48:21.581610222Z phase=idle gen=1 last_progress_age=7.53s last_source=enter_idle cancel_requested=false hard_kill_phase=false
heartbeat t=2026-08-18T14:48:22.581512029Z phase=idle gen=1 last_progress_age=8.53s last_source=enter_idle cancel_requested=false hard_kill_phase=false
heartbeat t=2026-08-18T14:48:23.581871759Z phase=idle gen=1 last_progress_age=9.53s last_source=enter_idle cancel_requested=false hard_kill_phase=false
heartbeat t=2026-08-18T14:48:24.581641683Z phase=idle gen=1 last_progress_age=10.53s last_source=enter_idle cancel_requested=false hard_kill_phase=false
heartbeat t=2026-08-18T14:48:25.581758106Z phase=idle gen=1 last_progress_age=11.53s last_source=enter_idle cancel_requested=false hard_kill_phase=false
heartbeat t=2026-08-18T14:48:26.58175749Z phase=idle gen=1 last_progress_age=12.53s last_source=enter_idle cancel_requested=false hard_kill_phase=false
heartbeat t=2026-08-18T14:48:27.581518913Z phase=idle gen=1 last_progress_age=13.53s last_source=enter_idle cancel_requested=false hard_kill_phase=false
heartbeat t=2026-08-18T14:48:28.581958491Z phase=idle gen=1 last_progress_age=14.53s last_source=enter_idle cancel_requested=false hard_kill_phase=false
heartbeat t=2026-08-18T14:48:29.581713067Z phase=idle gen=1 last_progress_age=15.53s last_source=enter_idle cancel_requested=false hard_kill_phase=false
heartbeat t=2026-08-18T14:48:30.581518836Z phase=idle gen=1 last_progress_age=16.53s last_source=enter_idle cancel_requested=false hard_kill_phase=false
heartbeat t=2026-08-18T14:48:31.581745683Z phase=idle gen=1 last_progress_age=17.53s last_source=enter_idle cancel_requested=false hard_kill_phase=false
heartbeat t=2026-08-18T14:48:32.58151349Z phase=idle gen=1 last_progress_age=18.53s last_source=enter_idle cancel_requested=false hard_kill_phase=false
heartbeat t=2026-08-18T14:48:33.581977337Z phase=idle gen=1 last_progress_age=19.53s last_source=enter_idle cancel_requested=false hard_kill_phase=false
heartbeat t=2026-08-18T14:48:34.581518221Z phase=idle gen=1 last_progress_age=20.53s last_source=enter_idle cancel_requested=false hard_kill_phase=false
heartbeat t=2026-08-18T14:48:35.58151899Z phase=idle gen=1 last_progress_age=21.53s last_source=enter_idle cancel_requested=false hard_kill_phase=false
heartbeat t=2026-08-18T14:48:36.581517606Z phase=idle gen=1 last_progress_age=22.53s last_source=enter_idle cancel_requested=false hard_kill_phase=false
heartbeat t=2026-08-18T14:48:37.581519798Z phase=idle gen=1 last_progress_age=23.53s last_source=enter_idle cancel_requested=false hard_kill_phase=false
heartbeat t=2026-08-18T14:48:38.581522952Z phase=idle gen=1 last_progress_age=24.53s last_source=enter_idle cancel_requested=false hard_kill_phase=false
heartbeat t=2026-08-18T14:48:39.581522606Z phase=idle gen=1 last_progress_age=25.53s last_source=enter_idle cancel_requested=false hard_kill_phase=false
heartbeat t=2026-08-18T14:48:40.581519221Z phase=idle gen=1 last_progress_age=26.53s last_source=enter_idle cancel_requested=false hard_kill_phase=false
heartbeat t=2026-08-18T14:48:41.58152376Z phase=idle gen=1 last_progress_age=27.53s last_source=enter_idle cancel_requested=false hard_kill_phase=false
heartbeat t=2026-08-18T14:48:42.581914798Z phase=idle gen=1 last_progress_age=28.53s last_source=enter_idle cancel_requested=false hard_kill_phase=false
heartbeat t=2026-08-18T14:48:43.582005529Z phase=idle gen=1 last_progress_age=29.53s last_source=enter_idle cancel_requested=false hard_kill_phase=false
heartbeat t=2026-08-18T14:48:44.581987491Z phase=idle gen=1 last_progress_age=30.53s last_source=enter_idle cancel_requested=false hard_kill_phase=false
heartbeat t=2026-08-18T14:48:45.581874259Z phase=idle gen=1 last_progress_age=31.53s last_source=enter_idle cancel_requested=false hard_kill_phase=false
heartbeat t=2026-08-18T14:48:46.581517991Z phase=idle gen=1 last_progress_age=32.53s last_source=enter_idle cancel_requested=false hard_kill_phase=false
heartbeat t=2026-08-18T14:48:47.581518953Z phase=idle gen=1 last_progress_age=33.53s last_source=enter_idle cancel_requested=false hard_kill_phase=false
heartbeat t=2026-08-18T14:48:48.581512414Z phase=idle gen=1 last_progress_age=34.53s last_source=enter_idle cancel_requested=false hard_kill_phase=false
heartbeat t=2026-08-18T14:48:49.581732452Z phase=idle gen=1 last_progress_age=35.53s last_source=enter_idle cancel_requested=false hard_kill_phase=false
heartbeat t=2026-08-18T14:48:50.581519029Z phase=idle gen=1 last_progress_age=36.53s last_source=enter_idle cancel_requested=false hard_kill_phase=false
heartbeat t=2026-08-18T14:48:51.581515029Z phase=idle gen=1 last_progress_age=37.53s last_source=enter_idle cancel_requested=false hard_kill_phase=false
heartbeat t=2026-08-18T14:48:52.581520221Z phase=idle gen=1 last_progress_age=38.53s last_source=enter_idle cancel_requested=false hard_kill_phase=false
heartbeat t=2026-08-18T14:48:53.581518529Z phase=idle gen=1 last_progress_age=39.53s last_source=enter_idle cancel_requested=false hard_kill_phase=false
heartbeat t=2026-08-18T14:48:54.582238683Z phase=idle gen=1 last_progress_age=40.531s last_source=enter_idle cancel_requested=false hard_kill_phase=false
heartbeat t=2026-08-18T14:48:55.58152476Z phase=idle gen=1 last_progress_age=41.53s last_source=enter_idle cancel_requested=false hard_kill_phase=false
heartbeat t=2026-08-18T14:48:56.581516222Z phase=idle gen=1 last_progress_age=42.53s last_source=enter_idle cancel_requested=false hard_kill_phase=false
heartbeat t=2026-08-18T14:48:57.581523144Z phase=idle gen=1 last_progress_age=43.53s last_source=enter_idle cancel_requested=false hard_kill_phase=false
heartbeat t=2026-08-18T14:48:58.58151676Z phase=idle gen=1 last_progress_age=44.53s last_source=enter_idle cancel_requested=false hard_kill_phase=false
heartbeat t=2026-08-18T14:48:59.58173976Z phase=idle gen=1 last_progress_age=45.53s last_source=enter_idle cancel_requested=false hard_kill_phase=false
heartbeat t=2026-08-18T14:49:00.58164549Z phase=idle gen=1 last_progress_age=46.53s last_source=enter_idle cancel_requested=false hard_kill_phase=false
heartbeat t=2026-08-18T14:49:01.581526875Z phase=idle gen=1 last_progress_age=47.53s last_source=enter_idle cancel_requested=false hard_kill_phase=false
heartbeat t=2026-08-18T14:49:02.581650722Z phase=idle gen=1 last_progress_age=48.53s last_source=enter_idle cancel_requested=false hard_kill_phase=false
heartbeat t=2026-08-18T14:49:03.582573337Z phase=idle gen=1 last_progress_age=49.531s last_source=enter_idle cancel_requested=false hard_kill_phase=false
heartbeat t=2026-08-18T14:49:04.582019068Z phase=idle gen=1 last_progress_age=50.531s last_source=enter_idle cancel_requested=false hard_kill_phase=false
heartbeat t=2026-08-18T14:49:05.581525722Z phase=idle gen=1 last_progress_age=51.53s last_source=enter_idle cancel_requested=false hard_kill_phase=false
heartbeat t=2026-08-18T14:49:06.581513798Z phase=idle gen=1 last_progress_age=52.53s last_source=enter_idle cancel_requested=false hard_kill_phase=false
heartbeat t=2026-08-18T14:49:07.581994914Z phase=idle gen=1 last_progress_age=53.53s last_source=enter_idle cancel_requested=false hard_kill_phase=false
heartbeat t=2026-08-18T14:49:08.581518068Z phase=idle gen=1 last_progress_age=54.53s last_source=enter_idle cancel_requested=false hard_kill_phase=false
heartbeat t=2026-08-18T14:49:09.58151776Z phase=idle gen=1 last_progress_age=55.53s last_source=enter_idle cancel_requested=false hard_kill_phase=false
heartbeat t=2026-08-18T14:49:10.581519798Z phase=idle gen=1 last_progress_age=56.53s last_source=enter_idle cancel_requested=false hard_kill_phase=false
milestone=terminal_released t=2026-08-18T14:49:11.082292588Z
watchdog_state phase=closed gen=1 source=closed
