milestone=diagnostics_started t=2026-08-18T14:37:29.533800744Z
milestone=config_load_begin t=2026-08-18T14:37:29.535119167Z
milestone=config_load_done t=2026-08-18T14:37:29.786124436Z
milestone=controller_build_begin t=2026-08-18T14:37:29.78743909Z
milestone=controller_build_done t=2026-08-18T14:37:31.29219682Z
milestone=terminal_takeover_begin t=2026-08-18T14:37:31.723684704Z
watchdog_state phase=idle gen=0 source=booted
milestone=first_frame t=2026-08-18T14:37:31.809271012Z
heartbeat t=2026-08-18T14:37:32.726266897Z phase=idle gen=0 last_progress_age=936ms last_source=booted cancel_requested=false hard_kill_phase=false
heartbeat t=2026-08-18T14:37:35.726414781Z phase=idle gen=0 last_progress_age=3.936s last_source=booted cancel_requested=false hard_kill_phase=false
heartbeat t=2026-08-18T14:37:36.725771012Z phase=idle gen=0 last_progress_age=4.935s last_source=booted cancel_requested=false hard_kill_phase=false
heartbeat t=2026-08-18T14:37:37.725771588Z phase=idle gen=0 last_progress_age=5.935s last_source=booted cancel_requested=false hard_kill_phase=false
heartbeat t=2026-08-18T14:37:38.726076396Z phase=idle gen=0 last_progress_age=6.935s last_source=booted cancel_requested=false hard_kill_phase=false
heartbeat t=2026-08-18T14:37:39.725769434Z phase=idle gen=0 last_progress_age=7.935s last_source=booted cancel_requested=false hard_kill_phase=false
heartbeat t=2026-08-18T14:37:40.725771281Z phase=idle gen=0 last_progress_age=8.935s last_source=booted cancel_requested=false hard_kill_phase=false
heartbeat t=2026-08-18T14:37:41.725773088Z phase=idle gen=0 last_progress_age=9.935s last_source=booted cancel_requested=false hard_kill_phase=false
heartbeat t=2026-08-18T14:37:42.725770934Z phase=idle gen=0 last_progress_age=10.935s last_source=booted cancel_requested=false hard_kill_phase=false
heartbeat t=2026-08-18T14:37:43.725772627Z phase=idle gen=0 last_progress_age=11.935s last_source=booted cancel_requested=false hard_kill_phase=false
heartbeat t=2026-08-18T14:37:44.725771819Z phase=idle gen=0 last_progress_age=12.935s last_source=booted cancel_requested=false hard_kill_phase=false
heartbeat t=2026-08-18T14:37:45.725778588Z phase=idle gen=0 last_progress_age=13.935s last_source=booted cancel_requested=false hard_kill_phase=false
heartbeat t=2026-08-18T14:37:46.726071973Z phase=idle gen=0 last_progress_age=14.935s last_source=booted cancel_requested=false hard_kill_phase=false
heartbeat t=2026-08-18T14:37:47.726535166Z phase=idle gen=0 last_progress_age=15.936s last_source=booted cancel_requested=false hard_kill_phase=false
heartbeat t=2026-08-18T14:37:48.725766742Z phase=idle gen=0 last_progress_age=16.935s last_source=booted cancel_requested=false hard_kill_phase=false
heartbeat t=2026-08-18T14:37:49.72580055Z phase=idle gen=0 last_progress_age=17.935s last_source=booted cancel_requested=false hard_kill_phase=false
heartbeat t=2026-08-18T14:37:50.725772743Z phase=idle gen=0 last_progress_age=18.935s last_source=booted cancel_requested=false hard_kill_phase=false
heartbeat t=2026-08-18T14:37:51.725772473Z phase=idle gen=0 last_progress_age=19.935s last_source=booted cancel_requested=false hard_kill_phase=false
heartbeat t=2026-08-18T14:37:52.725771858Z phase=idle gen=0 last_progress_age=20.935s last_source=booted cancel_requested=false hard_kill_phase=false
heartbeat t=2026-08-18T14:37:53.726315781Z phase=idle gen=0 last_progress_age=21.936s last_source=booted cancel_requested=false hard_kill_phase=false
heartbeat t=2026-08-18T14:37:54.725771973Z phase=idle gen=0 last_progress_age=22.935s last_source=booted cancel_requested=false hard_kill_phase=false
heartbeat t=2026-08-18T14:37:55.725771319Z phase=idle gen=0 last_progress_age=23.935s last_source=booted cancel_requested=false hard_kill_phase=false
heartbeat t=2026-08-18T14:37:56.72577055Z phase=idle gen=0 last_progress_age=24.935s last_source=booted cancel_requested=false hard_kill_phase=false
heartbeat t=2026-08-18T14:37:57.725767627Z phase=idle gen=0 last_progress_age=25.935s last_source=booted cancel_requested=false hard_kill_phase=false
heartbeat t=2026-08-18T14:37:58.725774858Z phase=idle gen=0 last_progress_age=26.935s last_source=booted cancel_requested=false hard_kill_phase=false
heartbeat t=2026-08-18T14:37:59.726728857Z phase=idle gen=0 last_progress_age=27.936s last_source=booted cancel_requested=false hard_kill_phase=false
heartbeat t=2026-08-18T14:38:00.725770704Z phase=idle gen=0 last_progress_age=28.935s last_source=booted cancel_requested=false hard_kill_phase=false
heartbeat t=2026-08-18T14:38:01.725769358Z phase=idle gen=0 last_progress_age=29.935s last_source=booted cancel_requested=false hard_kill_phase=false
heartbeat t=2026-08-18T14:38:02.725772281Z phase=idle gen=0 last_progress_age=30.935s last_source=booted cancel_requested=false hard_kill_phase=false
heartbeat t=2026-08-18T14:38:03.725773088Z phase=idle gen=0 last_progress_age=31.935s last_source=booted cancel_requested=false hard_kill_phase=false
heartbeat t=2026-08-18T14:38:04.726250666Z phase=idle gen=0 last_progress_age=32.936s last_source=booted cancel_requested=false hard_kill_phase=false
watchdog_state phase=running gen=1 source=enter_running
heartbeat t=2026-08-18T14:38:05.726203089Z phase=running gen=1 last_progress_age=385ms last_source=agent:21 cancel_requested=false hard_kill_phase=false
watchdog_state phase=idle gen=1 prev=running source=enter_idle
heartbeat t=2026-08-18T14:38:06.725771665Z phase=idle gen=1 last_progress_age=119ms last_source=enter_idle cancel_requested=false hard_kill_phase=false
heartbeat t=2026-08-18T14:38:08.726012166Z phase=idle gen=1 last_progress_age=2.119s last_source=enter_idle cancel_requested=false hard_kill_phase=false
heartbeat t=2026-08-18T14:38:09.726080819Z phase=idle gen=1 last_progress_age=3.119s last_source=enter_idle cancel_requested=false hard_kill_phase=false
heartbeat t=2026-08-18T14:38:10.726052166Z phase=idle gen=1 last_progress_age=4.119s last_source=enter_idle cancel_requested=false hard_kill_phase=false
heartbeat t=2026-08-18T14:38:11.725777473Z phase=idle gen=1 last_progress_age=5.119s last_source=enter_idle cancel_requested=false hard_kill_phase=false
heartbeat t=2026-08-18T14:38:12.726013626Z phase=idle gen=1 last_progress_age=6.119s last_source=enter_idle cancel_requested=false hard_kill_phase=false
heartbeat t=2026-08-18T14:38:13.725775357Z phase=idle gen=1 last_progress_age=7.119s last_source=enter_idle cancel_requested=false hard_kill_phase=false
heartbeat t=2026-08-18T14:38:14.725777858Z phase=idle gen=1 last_progress_age=8.119s last_source=enter_idle cancel_requested=false hard_kill_phase=false
heartbeat t=2026-08-18T14:38:15.726242358Z phase=idle gen=1 last_progress_age=9.12s last_source=enter_idle cancel_requested=false hard_kill_phase=false
heartbeat t=2026-08-18T14:38:16.726210857Z phase=idle gen=1 last_progress_age=10.12s last_source=enter_idle cancel_requested=false hard_kill_phase=false
heartbeat t=2026-08-18T14:38:17.726428743Z phase=idle gen=1 last_progress_age=11.12s last_source=enter_idle cancel_requested=false hard_kill_phase=false
heartbeat t=2026-08-18T14:38:18.72577428Z phase=idle gen=1 last_progress_age=12.119s last_source=enter_idle cancel_requested=false hard_kill_phase=false
heartbeat t=2026-08-18T14:38:19.725767127Z phase=idle gen=1 last_progress_age=13.119s last_source=enter_idle cancel_requested=false hard_kill_phase=false
heartbeat t=2026-08-18T14:38:20.725773473Z phase=idle gen=1 last_progress_age=14.119s last_source=enter_idle cancel_requested=false hard_kill_phase=false
heartbeat t=2026-08-18T14:38:21.725771588Z phase=idle gen=1 last_progress_age=15.119s last_source=enter_idle cancel_requested=false hard_kill_phase=false
heartbeat t=2026-08-18T14:38:22.725770088Z phase=idle gen=1 last_progress_age=16.119s last_source=enter_idle cancel_requested=false hard_kill_phase=false
heartbeat t=2026-08-18T14:38:23.725773011Z phase=idle gen=1 last_progress_age=17.119s last_source=enter_idle cancel_requested=false hard_kill_phase=false
heartbeat t=2026-08-18T14:38:24.725771473Z phase=idle gen=1 last_progress_age=18.119s last_source=enter_idle cancel_requested=false hard_kill_phase=false
heartbeat t=2026-08-18T14:38:25.725774473Z phase=idle gen=1 last_progress_age=19.119s last_source=enter_idle cancel_requested=false hard_kill_phase=false
heartbeat t=2026-08-18T14:38:26.725772704Z phase=idle gen=1 last_progress_age=20.119s last_source=enter_idle cancel_requested=false hard_kill_phase=false
heartbeat t=2026-08-18T14:38:27.725973934Z phase=idle gen=1 last_progress_age=21.119s last_source=enter_idle cancel_requested=false hard_kill_phase=false
heartbeat t=2026-08-18T14:38:28.725770473Z phase=idle gen=1 last_progress_age=22.119s last_source=enter_idle cancel_requested=false hard_kill_phase=false
heartbeat t=2026-08-18T14:38:29.725960396Z phase=idle gen=1 last_progress_age=23.119s last_source=enter_idle cancel_requested=false hard_kill_phase=false
heartbeat t=2026-08-18T14:38:30.725773934Z phase=idle gen=1 last_progress_age=24.119s last_source=enter_idle cancel_requested=false hard_kill_phase=false
heartbeat t=2026-08-18T14:38:31.72577105Z phase=idle gen=1 last_progress_age=25.119s last_source=enter_idle cancel_requested=false hard_kill_phase=false
heartbeat t=2026-08-18T14:38:32.725771973Z phase=idle gen=1 last_progress_age=26.119s last_source=enter_idle cancel_requested=false hard_kill_phase=false
heartbeat t=2026-08-18T14:38:33.726204242Z phase=idle gen=1 last_progress_age=27.12s last_source=enter_idle cancel_requested=false hard_kill_phase=false
heartbeat t=2026-08-18T14:38:34.725769204Z phase=idle gen=1 last_progress_age=28.119s last_source=enter_idle cancel_requested=false hard_kill_phase=false
heartbeat t=2026-08-18T14:38:35.726200011Z phase=idle gen=1 last_progress_age=29.12s last_source=enter_idle cancel_requested=false hard_kill_phase=false
heartbeat t=2026-08-18T14:38:36.725770165Z phase=idle gen=1 last_progress_age=30.119s last_source=enter_idle cancel_requested=false hard_kill_phase=false
heartbeat t=2026-08-18T14:38:37.725771126Z phase=idle gen=1 last_progress_age=31.119s last_source=enter_idle cancel_requested=false hard_kill_phase=false
heartbeat t=2026-08-18T14:38:38.726371896Z phase=idle gen=1 last_progress_age=32.12s last_source=enter_idle cancel_requested=false hard_kill_phase=false
heartbeat t=2026-08-18T14:38:39.72577005Z phase=idle gen=1 last_progress_age=33.119s last_source=enter_idle cancel_requested=false hard_kill_phase=false
heartbeat t=2026-08-18T14:38:40.725938127Z phase=idle gen=1 last_progress_age=34.119s last_source=enter_idle cancel_requested=false hard_kill_phase=false
heartbeat t=2026-08-18T14:38:41.725775089Z phase=idle gen=1 last_progress_age=35.119s last_source=enter_idle cancel_requested=false hard_kill_phase=false
heartbeat t=2026-08-18T14:38:42.725947896Z phase=idle gen=1 last_progress_age=36.119s last_source=enter_idle cancel_requested=false hard_kill_phase=false
heartbeat t=2026-08-18T14:38:43.725951511Z phase=idle gen=1 last_progress_age=37.119s last_source=enter_idle cancel_requested=false hard_kill_phase=false
heartbeat t=2026-08-18T14:38:44.725774319Z phase=idle gen=1 last_progress_age=38.119s last_source=enter_idle cancel_requested=false hard_kill_phase=false
heartbeat t=2026-08-18T14:38:45.726097166Z phase=idle gen=1 last_progress_age=39.12s last_source=enter_idle cancel_requested=false hard_kill_phase=false
heartbeat t=2026-08-18T14:38:46.72577555Z phase=idle gen=1 last_progress_age=40.119s last_source=enter_idle cancel_requested=false hard_kill_phase=false
heartbeat t=2026-08-18T14:38:47.726715934Z phase=idle gen=1 last_progress_age=41.12s last_source=enter_idle cancel_requested=false hard_kill_phase=false
heartbeat t=2026-08-18T14:38:48.72645678Z phase=idle gen=1 last_progress_age=42.12s last_source=enter_idle cancel_requested=false hard_kill_phase=false
heartbeat t=2026-08-18T14:38:49.725773127Z phase=idle gen=1 last_progress_age=43.119s last_source=enter_idle cancel_requested=false hard_kill_phase=false
heartbeat t=2026-08-18T14:38:50.725931588Z phase=idle gen=1 last_progress_age=44.119s last_source=enter_idle cancel_requested=false hard_kill_phase=false
heartbeat t=2026-08-18T14:38:51.726045357Z phase=idle gen=1 last_progress_age=45.119s last_source=enter_idle cancel_requested=false hard_kill_phase=false
heartbeat t=2026-08-18T14:38:52.725776973Z phase=idle gen=1 last_progress_age=46.119s last_source=enter_idle cancel_requested=false hard_kill_phase=false
heartbeat t=2026-08-18T14:38:53.725772704Z phase=idle gen=1 last_progress_age=47.119s last_source=enter_idle cancel_requested=false hard_kill_phase=false
heartbeat t=2026-08-18T14:38:54.725887357Z phase=idle gen=1 last_progress_age=48.119s last_source=enter_idle cancel_requested=false hard_kill_phase=false
heartbeat t=2026-08-18T14:38:55.725769549Z phase=idle gen=1 last_progress_age=49.119s last_source=enter_idle cancel_requested=false hard_kill_phase=false
heartbeat t=2026-08-18T14:38:56.725776396Z phase=idle gen=1 last_progress_age=50.119s last_source=enter_idle cancel_requested=false hard_kill_phase=false
heartbeat t=2026-08-18T14:38:57.72577028Z phase=idle gen=1 last_progress_age=51.119s last_source=enter_idle cancel_requested=false hard_kill_phase=false
heartbeat t=2026-08-18T14:38:58.725775935Z phase=idle gen=1 last_progress_age=52.119s last_source=enter_idle cancel_requested=false hard_kill_phase=false
heartbeat t=2026-08-18T14:38:59.725776357Z phase=idle gen=1 last_progress_age=53.119s last_source=enter_idle cancel_requested=false hard_kill_phase=false
heartbeat t=2026-08-18T14:39:00.72577255Z phase=idle gen=1 last_progress_age=54.119s last_source=enter_idle cancel_requested=false hard_kill_phase=false
heartbeat t=2026-08-18T14:39:01.72577205Z phase=idle gen=1 last_progress_age=55.119s last_source=enter_idle cancel_requested=false hard_kill_phase=false
heartbeat t=2026-08-18T14:39:02.726055165Z phase=idle gen=1 last_progress_age=56.119s last_source=enter_idle cancel_requested=false hard_kill_phase=false
heartbeat t=2026-08-18T14:39:03.725963857Z phase=idle gen=1 last_progress_age=57.119s last_source=enter_idle cancel_requested=false hard_kill_phase=false
heartbeat t=2026-08-18T14:39:04.725942089Z phase=idle gen=1 last_progress_age=58.119s last_source=enter_idle cancel_requested=false hard_kill_phase=false
heartbeat t=2026-08-18T14:39:05.725769357Z phase=idle gen=1 last_progress_age=59.119s last_source=enter_idle cancel_requested=false hard_kill_phase=false
heartbeat t=2026-08-18T14:39:06.725769704Z phase=idle gen=1 last_progress_age=1m0.119s last_source=enter_idle cancel_requested=false hard_kill_phase=false
heartbeat t=2026-08-18T14:39:07.72593055Z phase=idle gen=1 last_progress_age=1m1.119s last_source=enter_idle cancel_requested=false hard_kill_phase=false
heartbeat t=2026-08-18T14:39:08.726023627Z phase=idle gen=1 last_progress_age=1m2.119s last_source=enter_idle cancel_requested=false hard_kill_phase=false
heartbeat t=2026-08-18T14:39:09.726312011Z phase=idle gen=1 last_progress_age=1m3.12s last_source=enter_idle cancel_requested=false hard_kill_phase=false
heartbeat t=2026-08-18T14:39:10.725774857Z phase=idle gen=1 last_progress_age=1m4.119s last_source=enter_idle cancel_requested=false hard_kill_phase=false
heartbeat t=2026-08-18T14:39:11.725770358Z phase=idle gen=1 last_progress_age=1m5.119s last_source=enter_idle cancel_requested=false hard_kill_phase=false
heartbeat t=2026-08-18T14:39:12.725772934Z phase=idle gen=1 last_progress_age=1m6.119s last_source=enter_idle cancel_requested=false hard_kill_phase=false
heartbeat t=2026-08-18T14:39:13.725772319Z phase=idle gen=1 last_progress_age=1m7.119s last_source=enter_idle cancel_requested=false hard_kill_phase=false
heartbeat t=2026-08-18T14:39:14.72577455Z phase=idle gen=1 last_progress_age=1m8.119s last_source=enter_idle cancel_requested=false hard_kill_phase=false
heartbeat t=2026-08-18T14:39:15.725775704Z phase=idle gen=1 last_progress_age=1m9.119s last_source=enter_idle cancel_requested=false hard_kill_phase=false
heartbeat t=2026-08-18T14:39:16.725775473Z phase=idle gen=1 last_progress_age=1m10.119s last_source=enter_idle cancel_requested=false hard_kill_phase=false
heartbeat t=2026-08-18T14:39:17.72577355Z phase=idle gen=1 last_progress_age=1m11.119s last_source=enter_idle cancel_requested=false hard_kill_phase=false
heartbeat t=2026-08-18T14:39:18.725776435Z phase=idle gen=1 last_progress_age=1m12.119s last_source=enter_idle cancel_requested=false hard_kill_phase=false
heartbeat t=2026-08-18T14:39:19.725776242Z phase=idle gen=1 last_progress_age=1m13.119s last_source=enter_idle cancel_requested=false hard_kill_phase=false
heartbeat t=2026-08-18T14:39:20.725775665Z phase=idle gen=1 last_progress_age=1m14.119s last_source=enter_idle cancel_requested=false hard_kill_phase=false
heartbeat t=2026-08-18T14:39:21.725772742Z phase=idle gen=1 last_progress_age=1m15.119s last_source=enter_idle cancel_requested=false hard_kill_phase=false
heartbeat t=2026-08-18T14:39:22.725775127Z phase=idle gen=1 last_progress_age=1m16.119s last_source=enter_idle cancel_requested=false hard_kill_phase=false
heartbeat t=2026-08-18T14:39:23.725776819Z phase=idle gen=1 last_progress_age=1m17.119s last_source=enter_idle cancel_requested=false hard_kill_phase=false
heartbeat t=2026-08-18T14:39:24.725774742Z phase=idle gen=1 last_progress_age=1m18.119s last_source=enter_idle cancel_requested=false hard_kill_phase=false
heartbeat t=2026-08-18T14:39:25.725773742Z phase=idle gen=1 last_progress_age=1m19.119s last_source=enter_idle cancel_requested=false hard_kill_phase=false
heartbeat t=2026-08-18T14:39:26.725773896Z phase=idle gen=1 last_progress_age=1m20.119s last_source=enter_idle cancel_requested=false hard_kill_phase=false
heartbeat t=2026-08-18T14:39:27.72577305Z phase=idle gen=1 last_progress_age=1m21.119s last_source=enter_idle cancel_requested=false hard_kill_phase=false
heartbeat t=2026-08-18T14:39:28.725772511Z phase=idle gen=1 last_progress_age=1m22.119s last_source=enter_idle cancel_requested=false hard_kill_phase=false
heartbeat t=2026-08-18T14:39:29.72577078Z phase=idle gen=1 last_progress_age=1m23.119s last_source=enter_idle cancel_requested=false hard_kill_phase=false
heartbeat t=2026-08-18T14:39:30.725772973Z phase=idle gen=1 last_progress_age=1m24.119s last_source=enter_idle cancel_requested=false hard_kill_phase=false
heartbeat t=2026-08-18T14:39:31.725774743Z phase=idle gen=1 last_progress_age=1m25.119s last_source=enter_idle cancel_requested=false hard_kill_phase=false
heartbeat t=2026-08-18T14:39:32.725775743Z phase=idle gen=1 last_progress_age=1m26.119s last_source=enter_idle cancel_requested=false hard_kill_phase=false
heartbeat t=2026-08-18T14:39:33.725776011Z phase=idle gen=1 last_progress_age=1m27.119s last_source=enter_idle cancel_requested=false hard_kill_phase=false
heartbeat t=2026-08-18T14:39:34.725774012Z phase=idle gen=1 last_progress_age=1m28.119s last_source=enter_idle cancel_requested=false hard_kill_phase=false
heartbeat t=2026-08-18T14:39:35.726241088Z phase=idle gen=1 last_progress_age=1m29.12s last_source=enter_idle cancel_requested=false hard_kill_phase=false
heartbeat t=2026-08-18T14:39:36.72577005Z phase=idle gen=1 last_progress_age=1m30.119s last_source=enter_idle cancel_requested=false hard_kill_phase=false
heartbeat t=2026-08-18T14:39:37.725775858Z phase=idle gen=1 last_progress_age=1m31.119s last_source=enter_idle cancel_requested=false hard_kill_phase=false
heartbeat t=2026-08-18T14:39:38.725772588Z phase=idle gen=1 last_progress_age=1m32.119s last_source=enter_idle cancel_requested=false hard_kill_phase=false
heartbeat t=2026-08-18T14:39:39.725772089Z phase=idle gen=1 last_progress_age=1m33.119s last_source=enter_idle cancel_requested=false hard_kill_phase=false
heartbeat t=2026-08-18T14:39:40.725772896Z phase=idle gen=1 last_progress_age=1m34.119s last_source=enter_idle cancel_requested=false hard_kill_phase=false
heartbeat t=2026-08-18T14:39:41.725771242Z phase=idle gen=1 last_progress_age=1m35.119s last_source=enter_idle cancel_requested=false hard_kill_phase=false
heartbeat t=2026-08-18T14:39:42.725773781Z phase=idle gen=1 last_progress_age=1m36.119s last_source=enter_idle cancel_requested=false hard_kill_phase=false
heartbeat t=2026-08-18T14:39:43.725769627Z phase=idle gen=1 last_progress_age=1m37.119s last_source=enter_idle cancel_requested=false hard_kill_phase=false
heartbeat t=2026-08-18T14:39:44.725772358Z phase=idle gen=1 last_progress_age=1m38.119s last_source=enter_idle cancel_requested=false hard_kill_phase=false
heartbeat t=2026-08-18T14:39:45.725768704Z phase=idle gen=1 last_progress_age=1m39.119s last_source=enter_idle cancel_requested=false hard_kill_phase=false
heartbeat t=2026-08-18T14:39:46.725770281Z phase=idle gen=1 last_progress_age=1m40.119s last_source=enter_idle cancel_requested=false hard_kill_phase=false
heartbeat t=2026-08-18T14:39:47.725769242Z phase=idle gen=1 last_progress_age=1m41.119s last_source=enter_idle cancel_requested=false hard_kill_phase=false
heartbeat t=2026-08-18T14:39:48.725772357Z phase=idle gen=1 last_progress_age=1m42.119s last_source=enter_idle cancel_requested=false hard_kill_phase=false
heartbeat t=2026-08-18T14:39:49.725772935Z phase=idle gen=1 last_progress_age=1m43.119s last_source=enter_idle cancel_requested=false hard_kill_phase=false
heartbeat t=2026-08-18T14:39:50.72577505Z phase=idle gen=1 last_progress_age=1m44.119s last_source=enter_idle cancel_requested=false hard_kill_phase=false
heartbeat t=2026-08-18T14:39:51.725771396Z phase=idle gen=1 last_progress_age=1m45.119s last_source=enter_idle cancel_requested=false hard_kill_phase=false
heartbeat t=2026-08-18T14:39:52.725772127Z phase=idle gen=1 last_progress_age=1m46.119s last_source=enter_idle cancel_requested=false hard_kill_phase=false
heartbeat t=2026-08-18T14:39:53.725771011Z phase=idle gen=1 last_progress_age=1m47.119s last_source=enter_idle cancel_requested=false hard_kill_phase=false
heartbeat t=2026-08-18T14:39:54.72577155Z phase=idle gen=1 last_progress_age=1m48.119s last_source=enter_idle cancel_requested=false hard_kill_phase=false
heartbeat t=2026-08-18T14:39:55.725774127Z phase=idle gen=1 last_progress_age=1m49.119s last_source=enter_idle cancel_requested=false hard_kill_phase=false
heartbeat t=2026-08-18T14:39:56.725773473Z phase=idle gen=1 last_progress_age=1m50.119s last_source=enter_idle cancel_requested=false hard_kill_phase=false
heartbeat t=2026-08-18T14:39:57.725772088Z phase=idle gen=1 last_progress_age=1m51.119s last_source=enter_idle cancel_requested=false hard_kill_phase=false
heartbeat t=2026-08-18T14:39:58.725772742Z phase=idle gen=1 last_progress_age=1m52.119s last_source=enter_idle cancel_requested=false hard_kill_phase=false
heartbeat t=2026-08-18T14:39:59.72577178Z phase=idle gen=1 last_progress_age=1m53.119s last_source=enter_idle cancel_requested=false hard_kill_phase=false
heartbeat t=2026-08-18T14:40:00.725770935Z phase=idle gen=1 last_progress_age=1m54.119s last_source=enter_idle cancel_requested=false hard_kill_phase=false
heartbeat t=2026-08-18T14:40:01.725772742Z phase=idle gen=1 last_progress_age=1m55.119s last_source=enter_idle cancel_requested=false hard_kill_phase=false
heartbeat t=2026-08-18T14:40:02.72577255Z phase=idle gen=1 last_progress_age=1m56.119s last_source=enter_idle cancel_requested=false hard_kill_phase=false
heartbeat t=2026-08-18T14:40:03.725773742Z phase=idle gen=1 last_progress_age=1m57.119s last_source=enter_idle cancel_requested=false hard_kill_phase=false
heartbeat t=2026-08-18T14:40:04.725771319Z phase=idle gen=1 last_progress_age=1m58.119s last_source=enter_idle cancel_requested=false hard_kill_phase=false
heartbeat t=2026-08-18T14:40:05.725773358Z phase=idle gen=1 last_progress_age=1m59.119s last_source=enter_idle cancel_requested=false hard_kill_phase=false
heartbeat t=2026-08-18T14:40:06.72577028Z phase=idle gen=1 last_progress_age=2m0.119s last_source=enter_idle cancel_requested=false hard_kill_phase=false
heartbeat t=2026-08-18T14:40:07.725772396Z phase=idle gen=1 last_progress_age=2m1.119s last_source=enter_idle cancel_requested=false hard_kill_phase=false
heartbeat t=2026-08-18T14:40:08.725772858Z phase=idle gen=1 last_progress_age=2m2.119s last_source=enter_idle cancel_requested=false hard_kill_phase=false
heartbeat t=2026-08-18T14:40:09.725771589Z phase=idle gen=1 last_progress_age=2m3.119s last_source=enter_idle cancel_requested=false hard_kill_phase=false
heartbeat t=2026-08-18T14:40:10.725774819Z phase=idle gen=1 last_progress_age=2m4.119s last_source=enter_idle cancel_requested=false hard_kill_phase=false
heartbeat t=2026-08-18T14:40:11.725772011Z phase=idle gen=1 last_progress_age=2m5.119s last_source=enter_idle cancel_requested=false hard_kill_phase=false
heartbeat t=2026-08-18T14:40:12.725770704Z phase=idle gen=1 last_progress_age=2m6.119s last_source=enter_idle cancel_requested=false hard_kill_phase=false
heartbeat t=2026-08-18T14:40:13.725771511Z phase=idle gen=1 last_progress_age=2m7.119s last_source=enter_idle cancel_requested=false hard_kill_phase=false
heartbeat t=2026-08-18T14:40:14.725773319Z phase=idle gen=1 last_progress_age=2m8.119s last_source=enter_idle cancel_requested=false hard_kill_phase=false
heartbeat t=2026-08-18T14:40:15.725773242Z phase=idle gen=1 last_progress_age=2m9.119s last_source=enter_idle cancel_requested=false hard_kill_phase=false
heartbeat t=2026-08-18T14:40:16.725770435Z phase=idle gen=1 last_progress_age=2m10.119s last_source=enter_idle cancel_requested=false hard_kill_phase=false
heartbeat t=2026-08-18T14:40:17.725772127Z phase=idle gen=1 last_progress_age=2m11.119s last_source=enter_idle cancel_requested=false hard_kill_phase=false
heartbeat t=2026-08-18T14:40:18.725792204Z phase=idle gen=1 last_progress_age=2m12.119s last_source=enter_idle cancel_requested=false hard_kill_phase=false
heartbeat t=2026-08-18T14:40:19.725771665Z phase=idle gen=1 last_progress_age=2m13.119s last_source=enter_idle cancel_requested=false hard_kill_phase=false
heartbeat t=2026-08-18T14:40:20.725770088Z phase=idle gen=1 last_progress_age=2m14.119s last_source=enter_idle cancel_requested=false hard_kill_phase=false
heartbeat t=2026-08-18T14:40:21.725774511Z phase=idle gen=1 last_progress_age=2m15.119s last_source=enter_idle cancel_requested=false hard_kill_phase=false
heartbeat t=2026-08-18T14:40:22.725771127Z phase=idle gen=1 last_progress_age=2m16.119s last_source=enter_idle cancel_requested=false hard_kill_phase=false
heartbeat t=2026-08-18T14:40:23.725771242Z phase=idle gen=1 last_progress_age=2m17.119s last_source=enter_idle cancel_requested=false hard_kill_phase=false
heartbeat t=2026-08-18T14:40:24.725773127Z phase=idle gen=1 last_progress_age=2m18.119s last_source=enter_idle cancel_requested=false hard_kill_phase=false
heartbeat t=2026-08-18T14:40:25.725779126Z phase=idle gen=1 last_progress_age=2m19.119s last_source=enter_idle cancel_requested=false hard_kill_phase=false
heartbeat t=2026-08-18T14:40:26.725782588Z phase=idle gen=1 last_progress_age=2m20.119s last_source=enter_idle cancel_requested=false hard_kill_phase=false
heartbeat t=2026-08-18T14:40:27.725781434Z phase=idle gen=1 last_progress_age=2m21.119s last_source=enter_idle cancel_requested=false hard_kill_phase=false
heartbeat t=2026-08-18T14:40:28.725781358Z phase=idle gen=1 last_progress_age=2m22.119s last_source=enter_idle cancel_requested=false hard_kill_phase=false
heartbeat t=2026-08-18T14:40:29.725781203Z phase=idle gen=1 last_progress_age=2m23.119s last_source=enter_idle cancel_requested=false hard_kill_phase=false
heartbeat t=2026-08-18T14:40:30.725787242Z phase=idle gen=1 last_progress_age=2m24.119s last_source=enter_idle cancel_requested=false hard_kill_phase=false
heartbeat t=2026-08-18T14:40:31.725772204Z phase=idle gen=1 last_progress_age=2m25.119s last_source=enter_idle cancel_requested=false hard_kill_phase=false
heartbeat t=2026-08-18T14:40:32.725782319Z phase=idle gen=1 last_progress_age=2m26.119s last_source=enter_idle cancel_requested=false hard_kill_phase=false
heartbeat t=2026-08-18T14:40:33.725771896Z phase=idle gen=1 last_progress_age=2m27.119s last_source=enter_idle cancel_requested=false hard_kill_phase=false
heartbeat t=2026-08-18T14:40:34.725774703Z phase=idle gen=1 last_progress_age=2m28.119s last_source=enter_idle cancel_requested=false hard_kill_phase=false
heartbeat t=2026-08-18T14:40:35.725783012Z phase=idle gen=1 last_progress_age=2m29.119s last_source=enter_idle cancel_requested=false hard_kill_phase=false
heartbeat t=2026-08-18T14:40:36.725841127Z phase=idle gen=1 last_progress_age=2m30.119s last_source=enter_idle cancel_requested=false hard_kill_phase=false
heartbeat t=2026-08-18T14:40:37.725771973Z phase=idle gen=1 last_progress_age=2m31.119s last_source=enter_idle cancel_requested=false hard_kill_phase=false
heartbeat t=2026-08-18T14:40:38.725780089Z phase=idle gen=1 last_progress_age=2m32.119s last_source=enter_idle cancel_requested=false hard_kill_phase=false
heartbeat t=2026-08-18T14:40:39.725768435Z phase=idle gen=1 last_progress_age=2m33.119s last_source=enter_idle cancel_requested=false hard_kill_phase=false
heartbeat t=2026-08-18T14:40:40.725771819Z phase=idle gen=1 last_progress_age=2m34.119s last_source=enter_idle cancel_requested=false hard_kill_phase=false
heartbeat t=2026-08-18T14:40:41.725784012Z phase=idle gen=1 last_progress_age=2m35.119s last_source=enter_idle cancel_requested=false hard_kill_phase=false
heartbeat t=2026-08-18T14:40:42.725772973Z phase=idle gen=1 last_progress_age=2m36.119s last_source=enter_idle cancel_requested=false hard_kill_phase=false
heartbeat t=2026-08-18T14:40:43.725781203Z phase=idle gen=1 last_progress_age=2m37.119s last_source=enter_idle cancel_requested=false hard_kill_phase=false
heartbeat t=2026-08-18T14:40:44.725778319Z phase=idle gen=1 last_progress_age=2m38.119s last_source=enter_idle cancel_requested=false hard_kill_phase=false
heartbeat t=2026-08-18T14:40:45.72578355Z phase=idle gen=1 last_progress_age=2m39.119s last_source=enter_idle cancel_requested=false hard_kill_phase=false
heartbeat t=2026-08-18T14:40:46.725772242Z phase=idle gen=1 last_progress_age=2m40.119s last_source=enter_idle cancel_requested=false hard_kill_phase=false
heartbeat t=2026-08-18T14:40:47.725779434Z phase=idle gen=1 last_progress_age=2m41.119s last_source=enter_idle cancel_requested=false hard_kill_phase=false
heartbeat t=2026-08-18T14:40:48.725777781Z phase=idle gen=1 last_progress_age=2m42.119s last_source=enter_idle cancel_requested=false hard_kill_phase=false
heartbeat t=2026-08-18T14:40:49.725770357Z phase=idle gen=1 last_progress_age=2m43.119s last_source=enter_idle cancel_requested=false hard_kill_phase=false
heartbeat t=2026-08-18T14:40:50.725769012Z phase=idle gen=1 last_progress_age=2m44.119s last_source=enter_idle cancel_requested=false hard_kill_phase=false
heartbeat t=2026-08-18T14:40:51.725774281Z phase=idle gen=1 last_progress_age=2m45.119s last_source=enter_idle cancel_requested=false hard_kill_phase=false
heartbeat t=2026-08-18T14:40:52.725778897Z phase=idle gen=1 last_progress_age=2m46.119s last_source=enter_idle cancel_requested=false hard_kill_phase=false
heartbeat t=2026-08-18T14:40:53.725772665Z phase=idle gen=1 last_progress_age=2m47.119s last_source=enter_idle cancel_requested=false hard_kill_phase=false
heartbeat t=2026-08-18T14:40:54.725775819Z phase=idle gen=1 last_progress_age=2m48.119s last_source=enter_idle cancel_requested=false hard_kill_phase=false
heartbeat t=2026-08-18T14:40:55.725773166Z phase=idle gen=1 last_progress_age=2m49.119s last_source=enter_idle cancel_requested=false hard_kill_phase=false
heartbeat t=2026-08-18T14:40:56.725773319Z phase=idle gen=1 last_progress_age=2m50.119s last_source=enter_idle cancel_requested=false hard_kill_phase=false
heartbeat t=2026-08-18T14:40:57.72576805Z phase=idle gen=1 last_progress_age=2m51.119s last_source=enter_idle cancel_requested=false hard_kill_phase=false
heartbeat t=2026-08-18T14:40:58.725770742Z phase=idle gen=1 last_progress_age=2m52.119s last_source=enter_idle cancel_requested=false hard_kill_phase=false
heartbeat t=2026-08-18T14:40:59.725775704Z phase=idle gen=1 last_progress_age=2m53.119s last_source=enter_idle cancel_requested=false hard_kill_phase=false
heartbeat t=2026-08-18T14:41:00.725781126Z phase=idle gen=1 last_progress_age=2m54.119s last_source=enter_idle cancel_requested=false hard_kill_phase=false
heartbeat t=2026-08-18T14:41:01.725772012Z phase=idle gen=1 last_progress_age=2m55.119s last_source=enter_idle cancel_requested=false hard_kill_phase=false
heartbeat t=2026-08-18T14:41:02.725783396Z phase=idle gen=1 last_progress_age=2m56.119s last_source=enter_idle cancel_requested=false hard_kill_phase=false
heartbeat t=2026-08-18T14:41:03.725770166Z phase=idle gen=1 last_progress_age=2m57.119s last_source=enter_idle cancel_requested=false hard_kill_phase=false
heartbeat t=2026-08-18T14:41:04.725777204Z phase=idle gen=1 last_progress_age=2m58.119s last_source=enter_idle cancel_requested=false hard_kill_phase=false
heartbeat t=2026-08-18T14:41:05.725770589Z phase=idle gen=1 last_progress_age=2m59.119s last_source=enter_idle cancel_requested=false hard_kill_phase=false
heartbeat t=2026-08-18T14:41:06.725779896Z phase=idle gen=1 last_progress_age=3m0.119s last_source=enter_idle cancel_requested=false hard_kill_phase=false
watchdog_state phase=running gen=2 source=enter_running
heartbeat t=2026-08-18T14:41:07.725931396Z phase=running gen=2 last_progress_age=437ms last_source=agent:21 cancel_requested=false hard_kill_phase=false
heartbeat t=2026-08-18T14:41:08.725771396Z phase=running gen=2 last_progress_age=847ms last_source=elapsed_tick cancel_requested=false hard_kill_phase=false
watchdog_state phase=idle gen=2 prev=running source=enter_idle
heartbeat t=2026-08-18T14:41:09.725872819Z phase=idle gen=2 last_progress_age=64ms last_source=enter_idle cancel_requested=false hard_kill_phase=false
heartbeat t=2026-08-18T14:41:10.725773473Z phase=idle gen=2 last_progress_age=1.064s last_source=enter_idle cancel_requested=false hard_kill_phase=false
heartbeat t=2026-08-18T14:41:11.726341012Z phase=idle gen=2 last_progress_age=2.065s last_source=enter_idle cancel_requested=false hard_kill_phase=false
heartbeat t=2026-08-18T14:41:12.72577405Z phase=idle gen=2 last_progress_age=3.064s last_source=enter_idle cancel_requested=false hard_kill_phase=false
heartbeat t=2026-08-18T14:41:13.725771896Z phase=idle gen=2 last_progress_age=4.064s last_source=enter_idle cancel_requested=false hard_kill_phase=false
heartbeat t=2026-08-18T14:41:14.72577405Z phase=idle gen=2 last_progress_age=5.064s last_source=enter_idle cancel_requested=false hard_kill_phase=false
heartbeat t=2026-08-18T14:41:15.725773588Z phase=idle gen=2 last_progress_age=6.064s last_source=enter_idle cancel_requested=false hard_kill_phase=false
heartbeat t=2026-08-18T14:41:16.725777512Z phase=idle gen=2 last_progress_age=7.064s last_source=enter_idle cancel_requested=false hard_kill_phase=false
heartbeat t=2026-08-18T14:41:17.72577305Z phase=idle gen=2 last_progress_age=8.064s last_source=enter_idle cancel_requested=false hard_kill_phase=false
heartbeat t=2026-08-18T14:41:18.726323781Z phase=idle gen=2 last_progress_age=9.065s last_source=enter_idle cancel_requested=false hard_kill_phase=false
heartbeat t=2026-08-18T14:41:19.726354089Z phase=idle gen=2 last_progress_age=10.065s last_source=enter_idle cancel_requested=false hard_kill_phase=false
heartbeat t=2026-08-18T14:41:20.725774242Z phase=idle gen=2 last_progress_age=11.064s last_source=enter_idle cancel_requested=false hard_kill_phase=false
heartbeat t=2026-08-18T14:41:21.725773973Z phase=idle gen=2 last_progress_age=12.064s last_source=enter_idle cancel_requested=false hard_kill_phase=false
heartbeat t=2026-08-18T14:41:22.726272434Z phase=idle gen=2 last_progress_age=13.065s last_source=enter_idle cancel_requested=false hard_kill_phase=false
heartbeat t=2026-08-18T14:41:23.726386935Z phase=idle gen=2 last_progress_age=14.065s last_source=enter_idle cancel_requested=false hard_kill_phase=false
heartbeat t=2026-08-18T14:41:24.726363396Z phase=idle gen=2 last_progress_age=15.065s last_source=enter_idle cancel_requested=false hard_kill_phase=false
heartbeat t=2026-08-18T14:41:25.726301704Z phase=idle gen=2 last_progress_age=16.065s last_source=enter_idle cancel_requested=false hard_kill_phase=false
heartbeat t=2026-08-18T14:41:26.725772243Z phase=idle gen=2 last_progress_age=17.064s last_source=enter_idle cancel_requested=false hard_kill_phase=false
heartbeat t=2026-08-18T14:41:27.725776281Z phase=idle gen=2 last_progress_age=18.064s last_source=enter_idle cancel_requested=false hard_kill_phase=false
heartbeat t=2026-08-18T14:41:28.72598832Z phase=idle gen=2 last_progress_age=19.064s last_source=enter_idle cancel_requested=false hard_kill_phase=false
heartbeat t=2026-08-18T14:41:29.72577305Z phase=idle gen=2 last_progress_age=20.064s last_source=enter_idle cancel_requested=false hard_kill_phase=false
heartbeat t=2026-08-18T14:41:30.726100127Z phase=idle gen=2 last_progress_age=21.064s last_source=enter_idle cancel_requested=false hard_kill_phase=false
heartbeat t=2026-08-18T14:41:31.725774011Z phase=idle gen=2 last_progress_age=22.064s last_source=enter_idle cancel_requested=false hard_kill_phase=false
heartbeat t=2026-08-18T14:41:32.726353781Z phase=idle gen=2 last_progress_age=23.065s last_source=enter_idle cancel_requested=false hard_kill_phase=false
heartbeat t=2026-08-18T14:41:33.72576932Z phase=idle gen=2 last_progress_age=24.064s last_source=enter_idle cancel_requested=false hard_kill_phase=false
heartbeat t=2026-08-18T14:41:34.725769511Z phase=idle gen=2 last_progress_age=25.064s last_source=enter_idle cancel_requested=false hard_kill_phase=false
heartbeat t=2026-08-18T14:41:35.725770435Z phase=idle gen=2 last_progress_age=26.064s last_source=enter_idle cancel_requested=false hard_kill_phase=false
heartbeat t=2026-08-18T14:41:36.725771819Z phase=idle gen=2 last_progress_age=27.064s last_source=enter_idle cancel_requested=false hard_kill_phase=false
heartbeat t=2026-08-18T14:41:37.725767781Z phase=idle gen=2 last_progress_age=28.064s last_source=enter_idle cancel_requested=false hard_kill_phase=false
heartbeat t=2026-08-18T14:41:38.726325165Z phase=idle gen=2 last_progress_age=29.065s last_source=enter_idle cancel_requested=false hard_kill_phase=false
heartbeat t=2026-08-18T14:41:39.726485934Z phase=idle gen=2 last_progress_age=30.065s last_source=enter_idle cancel_requested=false hard_kill_phase=false
heartbeat t=2026-08-18T14:41:40.72631205Z phase=idle gen=2 last_progress_age=31.065s last_source=enter_idle cancel_requested=false hard_kill_phase=false
heartbeat t=2026-08-18T14:41:41.725773396Z phase=idle gen=2 last_progress_age=32.064s last_source=enter_idle cancel_requested=false hard_kill_phase=false
heartbeat t=2026-08-18T14:41:42.726077627Z phase=idle gen=2 last_progress_age=33.064s last_source=enter_idle cancel_requested=false hard_kill_phase=false
heartbeat t=2026-08-18T14:41:43.725769781Z phase=idle gen=2 last_progress_age=34.064s last_source=enter_idle cancel_requested=false hard_kill_phase=false
heartbeat t=2026-08-18T14:41:44.726140435Z phase=idle gen=2 last_progress_age=35.064s last_source=enter_idle cancel_requested=false hard_kill_phase=false
milestone=terminal_released t=2026-08-18T14:41:44.992832484Z
watchdog_state phase=closed gen=2 source=closed
